<html>
<body>
<pre>
<h1>µVision Build Log</h1>
<h2>Tool Versions:</h2>
IDE-Version: µVision V5.25.2.0
Copyright (C) 2018 ARM Ltd and ARM Germany GmbH. All rights reserved.
License Information: TI Labor HAW Hamburg Flex license: MDK-ARM Professional: 50 user(s) (mdk_pro) Operation stops: 31 Dec 2019
 
Tool Versions:
Toolchain:       MDK-ARM Professional: 50 user(s)  Version: 5.25.2.0
Toolchain Path:  C:\Keil_v5\ARM\ARMCC\Bin
C Compiler:      Armcc.exe V5.06 update 6 (build 750)
Assembler:       Armasm.exe V5.06 update 6 (build 750)
Linker/Locator:  ArmLink.exe V5.06 update 6 (build 750)
Library Manager: ArmAr.exe V5.06 update 6 (build 750)
Hex Converter:   FromElf.exe V5.06 update 6 (build 750)
CPU DLL:         SARMCM3.DLL V5.25.2.0
Dialog DLL:      DARMSTM.DLL V1.68.0.0
Target DLL:      UL2CM3.DLL V1.160.12.0
Dialog DLL:      TARMSTM.DLL V1.66.0.0
 
<h2>Project:</h2>
E:\Neuer Ordner\Keil_Basis_Projekt\Keil_Basis_3\basis3.uvproj
Project File Date:  04/29/2019

<h2>Output:</h2>
*** Using Compiler 'V5.06 update 6 (build 750)', folder: 'C:\Keil_v5\ARM\ARMCC\Bin'
Rebuild target 'Simulation Assembler'
assembling startup_stm32f10x_md.s...
compiling assert.c...
compiling keypad.c...
compiling Retarget.c...
compiling Getline.c...
assembling SIM_Board_IO_asm.s...
assembling main.s...
compiling system_stm32f10x.c...
compiling timer.c...
compiling TI_Lib.c...
compiling Serial.c...
compiling tft.c...
compiling SIM_Board_IO.c...
linking...
Program Size: Code=2460 RO-data=268 RW-data=60 ZI-data=36964  
".\Objects\basis3.axf" - 0 Error(s), 0 Warning(s).
Build Time Elapsed:  00:00:05
</pre>
</body>
</html>
