<html>
<body>
<pre>
<h1>µVision Build Log</h1>
<h2>Tool Versions:</h2>
IDE-Version: µVision V5.25.2.0
Copyright (C) 2018 ARM Ltd and ARM Germany GmbH. All rights reserved.
License Information: TI Labor HAW Hamburg Flex license: MDK-ARM Professional: 50 user(s) (mdk_pro) Operation stops: 31 Dec 2019
 
Tool Versions:
Toolchain:       MDK-ARM Professional: 50 user(s)  Version: 5.25.2.0
Toolchain Path:  C:\Keil_v5\ARM\ARMCC\Bin
C Compiler:      Armcc.exe V5.06 update 6 (build 750)
Assembler:       Armasm.exe V5.06 update 6 (build 750)
Linker/Locator:  ArmLink.exe V5.06 update 6 (build 750)
Library Manager: ArmAr.exe V5.06 update 6 (build 750)
Hex Converter:   FromElf.exe V5.06 update 6 (build 750)
CPU DLL:         SARMCM3.DLL V5.25.2.0
Dialog DLL:      DCM.DLL V1.17.1.0
Target DLL:      ULP2CM3.DLL V2.209.20.0
Dialog DLL:      TCM.DLL V1.35.1.0
 
<h2>Project:</h2>
Z:\win\Desktop\GS_P4\GS_Aufgabe_04.uvproj
Project File Date:  06/04/2019

<h2>Output:</h2>
*** Using Compiler 'V5.06 update 6 (build 750)', folder: 'C:\Keil_v5\ARM\ARMCC\Bin'
Rebuild target 'TI-Board'
compiling assert.c...
compiling keypad.c...
compiling timer.c...
compiling misc.c...
compiling TI_Lib.c...
compiling tft.c...
compiling stm32f4xx_dma.c...
compiling stm32f4xx_adc.c...
compiling stm32f4xx_usart.c...
assembling startup_stm32f4xx.s...
compiling stm32f4xx_gpio.c...
compiling stm32f4xx_rcc.c...
compiling system_stm32f4xx.c...
compiling Retarget.c...
compiling TI_Board_ADC.c...
compiling Usart.c...
compiling error.c...
compiling TI_Board_IO.c...
compiling basisFunktionen.c...
compiling output.c...
output.c(40): warning:  #1035-D: single-precision operand implicitly converted to double-precision
  	if (temp == TEMPMAX) return;
output.c: 1 warning, 0 errors
compiling main.c...
compiling oneWireBus.c...
oneWireBus.c(264): warning:  #111-D: statement is unreachable
  	return 0;
oneWireBus.c: 1 warning, 0 errors
linking...
Program Size: Code=12876 RO-data=660 RW-data=108 ZI-data=37564  
".\Objects\GS_Aufgabe_04.axf" - 0 Error(s), 2 Warning(s).
Build Time Elapsed:  00:00:05
</pre>
</body>
</html>
