Component: ARM Compiler 5.06 update 6 (build 750) Tool: armlink [4d35ed]

==============================================================================

Section Cross References

    keypad.o(i.Clear_Line) refers to tft.o(i.TFT_set_window) for TFT_set_window
    keypad.o(i.Clear_Line) refers to tft.o(i.TFT_cls) for TFT_cls
    keypad.o(i.Display_value) refers to _printf_percent.o(.ARM.Collect$$_printf_percent$$00000000) for _printf_percent
    keypad.o(i.Display_value) refers to _printf_d.o(.ARM.Collect$$_printf_percent$$00000009) for _printf_d
    keypad.o(i.Display_value) refers to _printf_dec.o(.text) for _printf_int_dec
    keypad.o(i.Display_value) refers to tft.o(i.TFT_set_window) for TFT_set_window
    keypad.o(i.Display_value) refers to noretval__2snprintf.o(.text) for __2snprintf
    keypad.o(i.Display_value) refers to tft.o(i.TFT_cls) for TFT_cls
    keypad.o(i.Display_value) refers to tft.o(i.TFT_putc) for TFT_putc
    keypad.o(i.Get_Touch_Pad_Input) refers to _printf_pad.o(.text) for _printf_pre_padding
    keypad.o(i.Get_Touch_Pad_Input) refers to _printf_percent.o(.ARM.Collect$$_printf_percent$$00000000) for _printf_percent
    keypad.o(i.Get_Touch_Pad_Input) refers to _printf_x.o(.ARM.Collect$$_printf_percent$$0000000C) for _printf_x
    keypad.o(i.Get_Touch_Pad_Input) refers to _printf_hex_int.o(.text) for _printf_longlong_hex
    keypad.o(i.Get_Touch_Pad_Input) refers to tft.o(i.TFT_get_data) for TFT_get_data
    keypad.o(i.Get_Touch_Pad_Input) refers to noretval__2printf.o(.text) for __2printf
    keypad.o(i.Make_Touch_Pad) refers to tft.o(i.TFT_Init) for TFT_Init
    keypad.o(i.Make_Touch_Pad) refers to tft.o(i.TFT_cursor_off) for TFT_cursor_off
    keypad.o(i.Make_Touch_Pad) refers to tft.o(i.TFT_graphic_cls) for TFT_graphic_cls
    keypad.o(i.Make_Touch_Pad) refers to tft.o(i.TFT_touch_area_clear) for TFT_touch_area_clear
    keypad.o(i.Make_Touch_Pad) refers to tft.o(i.TFT_set_font_color) for TFT_set_font_color
    keypad.o(i.Make_Touch_Pad) refers to tft.o(i.TFT_set_window) for TFT_set_window
    keypad.o(i.Make_Touch_Pad) refers to tft.o(i.TFT_terminal_on) for TFT_terminal_on
    keypad.o(i.Make_Touch_Pad) refers to tft.o(i.TFT_touch_area_font_color) for TFT_touch_area_font_color
    keypad.o(i.Make_Touch_Pad) refers to tft.o(i.TFT_touch_area_font) for TFT_touch_area_font
    keypad.o(i.Make_Touch_Pad) refers to tft.o(i.TFT_touch_area_frame) for TFT_touch_area_frame
    keypad.o(i.Make_Touch_Pad) refers to tft.o(i.TFT_touch_area_color) for TFT_touch_area_color
    keypad.o(i.Make_Touch_Pad) refers to tft.o(i.TFT_touch_area) for TFT_touch_area
    tft.o(i.TFT_Init) refers to tft.o(i.TFT_terminal_on) for TFT_terminal_on
    tft.o(i.TFT_Init) refers to tft.o(i.TFT_cls) for TFT_cls
    tft.o(i.TFT_Init) refers to tft.o(i.TFT_touch_key_feedback) for TFT_touch_key_feedback
    tft.o(i.TFT_Init) refers to tft.o(i.TFT_setTimeout) for TFT_setTimeout
    tft.o(i.TFT_bargraph_color) refers to tft.o(i.TFT_send_data) for TFT_send_data
    tft.o(i.TFT_bargraph_define) refers to tft.o(i.TFT_send_data) for TFT_send_data
    tft.o(i.TFT_bargraph_fill_pattern) refers to tft.o(i.TFT_send_data) for TFT_send_data
    tft.o(i.TFT_bargraph_frame) refers to tft.o(i.TFT_send_data) for TFT_send_data
    tft.o(i.TFT_bargraph_value) refers to tft.o(i.TFT_send_data) for TFT_send_data
    tft.o(i.TFT_bigString) refers to tft.o(i.TFT_set_font) for TFT_set_font
    tft.o(i.TFT_bigString) refers to tft.o(i.TFT_send_data) for TFT_send_data
    tft.o(i.TFT_bigText) refers to tft.o(i.TFT_set_font) for TFT_set_font
    tft.o(i.TFT_bigText) refers to tft.o(i.TFT_send_data) for TFT_send_data
    tft.o(i.TFT_buzzer_off) refers to tft.o(i.TFT_send_data) for TFT_send_data
    tft.o(i.TFT_buzzer_on) refers to tft.o(i.TFT_send_data) for TFT_send_data
    tft.o(i.TFT_carriage_return) refers to tft.o(i.TFT_putc) for TFT_putc
    tft.o(i.TFT_cls) refers to tft.o(i.TFT_putc) for TFT_putc
    tft.o(i.TFT_cursor_off) refers to tft.o(i.TFT_send_data) for TFT_send_data
    tft.o(i.TFT_cursor_on) refers to tft.o(i.TFT_send_data) for TFT_send_data
    tft.o(i.TFT_draw_line) refers to tft.o(i.TFT_send_data) for TFT_send_data
    tft.o(i.TFT_draw_rectangle) refers to tft.o(i.TFT_send_data) for TFT_send_data
    tft.o(i.TFT_getProtocolSettings) refers to rt_memclr_w.o(.text) for __aeabi_memclr4
    tft.o(i.TFT_getProtocolSettings) refers to rt_memcpy_w.o(.text) for __aeabi_memcpy4
    tft.o(i.TFT_get_dat) refers to ti_lib.o(i.Delay) for Delay
    tft.o(i.TFT_get_data) refers to tft.o(i.TFT_get_dat) for TFT_get_dat
    tft.o(i.TFT_gotoxy) refers to tft.o(i.TFT_send_data) for TFT_send_data
    tft.o(i.TFT_graphic_cls) refers to tft.o(i.TFT_send_data) for TFT_send_data
    tft.o(i.TFT_graphic_puts) refers to tft.o(i.TFT_send_data) for TFT_send_data
    tft.o(i.TFT_graphic_puts_area) refers to tft.o(i.TFT_send_data) for TFT_send_data
    tft.o(i.TFT_graphic_set_point) refers to tft.o(i.TFT_send_data) for TFT_send_data
[...]
    ../clib/printf.c                         0x00000000   Number         0  _printf_hex_int.o ABSOLUTE
    ../clib/printf.c                         0x00000000   Number         0  _printf_fp_dec.o ABSOLUTE
    ../clib/printf.c                         0x00000000   Number         0  _printf_intcommon.o ABSOLUTE
    ../clib/printf.c                         0x00000000   Number         0  _printf_hex_int_ll.o ABSOLUTE
    ../clib/printf.c                         0x00000000   Number         0  _printf_hex_ptr.o ABSOLUTE
    ../clib/printf.c                         0x00000000   Number         0  _printf_pad.o ABSOLUTE
    ../clib/printf.c                         0x00000000   Number         0  _printf_char_file.o ABSOLUTE
    ../clib/printf.c                         0x00000000   Number         0  __2printf.o ABSOLUTE
    ../clib/printf.c                         0x00000000   Number         0  noretval__2printf.o ABSOLUTE
    ../clib/printf.c                         0x00000000   Number         0  _snputc.o ABSOLUTE
    ../clib/printf.c                         0x00000000   Number         0  __printf_ss_wp.o ABSOLUTE
    ../clib/printf.c                         0x00000000   Number         0  noretval__2snprintf.o ABSOLUTE
    ../clib/printf.c                         0x00000000   Number         0  _sputc.o ABSOLUTE
    ../clib/printf.c                         0x00000000   Number         0  __printf_flags_ss_wp.o ABSOLUTE
    ../clib/printf.c                         0x00000000   Number         0  _printf_char_common.o ABSOLUTE
    ../clib/printf.c                         0x00000000   Number         0  __printf_flags_wp.o ABSOLUTE
    ../clib/printf.c                         0x00000000   Number         0  __printf_wp.o ABSOLUTE
    ../clib/printf.c                         0x00000000   Number         0  __printf_flags_ss.o ABSOLUTE
    ../clib/printf.c                         0x00000000   Number         0  __printf_ss.o ABSOLUTE
    ../clib/printf.c                         0x00000000   Number         0  __printf.o ABSOLUTE
    ../clib/printf.c                         0x00000000   Number         0  __2snprintf.o ABSOLUTE
    ../clib/printf.c                         0x00000000   Number         0  __printf_flags.o ABSOLUTE
    ../clib/printf.c                         0x00000000   Number         0  _printf_hex_int_ll_ptr.o ABSOLUTE
    ../clib/printf.c                         0x00000000   Number         0  _printf_hex_ll_ptr.o ABSOLUTE
    ../clib/printf.c                         0x00000000   Number         0  _printf_hex_int_ptr.o ABSOLUTE
    ../clib/printf_percent.s                 0x00000000   Number         0  _printf_d.o ABSOLUTE
    ../clib/printf_percent.s                 0x00000000   Number         0  _printf_f.o ABSOLUTE
    ../clib/printf_percent.s                 0x00000000   Number         0  _printf_x.o ABSOLUTE
    ../clib/printf_percent.s                 0x00000000   Number         0  _printf_percent.o ABSOLUTE
    ../clib/printf_percent.s                 0x00000000   Number         0  _printf_percent_end.o ABSOLUTE
    ../clib/signal.c                         0x00000000   Number         0  defsig_rtmem_outer.o ABSOLUTE
    ../clib/signal.c                         0x00000000   Number         0  defsig_rtmem_formal.o ABSOLUTE
    ../clib/signal.c                         0x00000000   Number         0  defsig_exit.o ABSOLUTE
    ../clib/signal.c                         0x00000000   Number         0  defsig_rtmem_inner.o ABSOLUTE
    ../clib/signal.c                         0x00000000   Number         0  defsig_pvfn_inner.o ABSOLUTE
    ../clib/signal.c                         0x00000000   Number         0  defsig_stak_inner.o ABSOLUTE
    ../clib/signal.c                         0x00000000   Number         0  defsig_rtred_inner.o ABSOLUTE
    ../clib/signal.c                         0x00000000   Number         0  defsig_other.o ABSOLUTE
    ../clib/signal.c                         0x00000000   Number         0  defsig_fpe_inner.o ABSOLUTE
    ../clib/signal.c                         0x00000000   Number         0  __raise.o ABSOLUTE
    ../clib/signal.c                         0x00000000   Number         0  defsig_general.o ABSOLUTE
    ../clib/signal.c                         0x00000000   Number         0  defsig_abrt_inner.o ABSOLUTE
    ../clib/signal.c                         0x00000000   Number         0  defsig_segv_inner.o ABSOLUTE
    ../clib/signal.c                         0x00000000   Number         0  defsig_cppl_inner.o ABSOLUTE
    ../clib/signal.s                         0x00000000   Number         0  defsig.o ABSOLUTE
    ../clib/stdlib.c                         0x00000000   Number         0  exit.o ABSOLUTE
    ../clib/string.c                         0x00000000   Number         0  strcpy.o ABSOLUTE
    ../clib/string.c                         0x00000000   Number         0  strlen.o ABSOLUTE
    ../fplib/dcmpi.s                         0x00000000   Number         0  dcmpi.o ABSOLUTE
    ../fplib/deqf.s                          0x00000000   Number         0  deqf.o ABSOLUTE
    ../fplib/dnaninf.s                       0x00000000   Number         0  dnaninf.o ABSOLUTE
    ../fplib/dretinf.s                       0x00000000   Number         0  dretinf.o ABSOLUTE
    ../fplib/f2d.s                           0x00000000   Number         0  f2d.o ABSOLUTE
    ../fplib/fnaninf.s                       0x00000000   Number         0  fnaninf.o ABSOLUTE
    ../fplib/fpinit.s                        0x00000000   Number         0  fpinit.o ABSOLUTE
    ../fplib/istatus.s                       0x00000000   Number         0  istatus.o ABSOLUTE
    ../fplib/printf1.s                       0x00000000   Number         0  printf1.o ABSOLUTE
    ../fplib/usenofp.s                       0x00000000   Number         0  usenofp.o ABSOLUTE
    ../mathlib/fpclassify.c                  0x00000000   Number         0  fpclassify.o ABSOLUTE
    TI_BRD_LIB\Library\TI_Lib.c              0x00000000   Number         0  ti_lib.o ABSOLUTE
    TI_BRD_LIB\Library\assert.c              0x00000000   Number         0  assert.o ABSOLUTE
    TI_BRD_LIB\Library\keypad.c              0x00000000   Number         0  keypad.o ABSOLUTE
    TI_BRD_LIB\Library\tft.c                 0x00000000   Number         0  tft.o ABSOLUTE
    TI_BRD_LIB\Library\timer.c               0x00000000   Number         0  timer.o ABSOLUTE
    TI_BRD_LIB\TI-C_Board\Retarget.c         0x00000000   Number         0  retarget.o ABSOLUTE
    TI_BRD_LIB\TI-C_Board\TI_Board_ADC.c     0x00000000   Number         0  ti_board_adc.o ABSOLUTE
    TI_BRD_LIB\TI-C_Board\TI_Board_IO.c      0x00000000   Number         0  ti_board_io.o ABSOLUTE
    TI_BRD_LIB\TI-C_Board\Usart.c            0x00000000   Number         0  usart.o ABSOLUTE
    TI_BRD_LIB\TI-C_Board\misc.c             0x00000000   Number         0  misc.o ABSOLUTE
    TI_BRD_LIB\TI-C_Board\startup_stm32f4xx.s 0x00000000   Number         0  startup_stm32f4xx.o ABSOLUTE
    TI_BRD_LIB\TI-C_Board\stm32f4xx_adc.c    0x00000000   Number         0  stm32f4xx_adc.o ABSOLUTE
    TI_BRD_LIB\TI-C_Board\stm32f4xx_dma.c    0x00000000   Number         0  stm32f4xx_dma.o ABSOLUTE
    TI_BRD_LIB\TI-C_Board\stm32f4xx_gpio.c   0x00000000   Number         0  stm32f4xx_gpio.o ABSOLUTE
    TI_BRD_LIB\TI-C_Board\stm32f4xx_rcc.c    0x00000000   Number         0  stm32f4xx_rcc.o ABSOLUTE
    TI_BRD_LIB\TI-C_Board\stm32f4xx_usart.c  0x00000000   Number         0  stm32f4xx_usart.o ABSOLUTE
    TI_BRD_LIB\TI-C_Board\system_stm32f4xx.c 0x00000000   Number         0  system_stm32f4xx.o ABSOLUTE
    TI_BRD_LIB\\Library\\TI_Lib.c            0x00000000   Number         0  ti_lib.o ABSOLUTE
    TI_BRD_LIB\\Library\\tft.c               0x00000000   Number         0  tft.o ABSOLUTE
    TI_BRD_LIB\\Library\\timer.c             0x00000000   Number         0  timer.o ABSOLUTE
    TI_BRD_LIB\\TI-C_Board\\Retarget.c       0x00000000   Number         0  retarget.o ABSOLUTE
    TI_BRD_LIB\\TI-C_Board\\TI_Board_ADC.c   0x00000000   Number         0  ti_board_adc.o ABSOLUTE
    TI_BRD_LIB\\TI-C_Board\\TI_Board_IO.c    0x00000000   Number         0  ti_board_io.o ABSOLUTE
    TI_BRD_LIB\\TI-C_Board\\Usart.c          0x00000000   Number         0  usart.o ABSOLUTE
    TI_BRD_LIB\\TI-C_Board\\misc.c           0x00000000   Number         0  misc.o ABSOLUTE
    TI_BRD_LIB\\TI-C_Board\\stm32f4xx_adc.c  0x00000000   Number         0  stm32f4xx_adc.o ABSOLUTE
    TI_BRD_LIB\\TI-C_Board\\stm32f4xx_dma.c  0x00000000   Number         0  stm32f4xx_dma.o ABSOLUTE
    TI_BRD_LIB\\TI-C_Board\\stm32f4xx_gpio.c 0x00000000   Number         0  stm32f4xx_gpio.o ABSOLUTE
    TI_BRD_LIB\\TI-C_Board\\stm32f4xx_rcc.c  0x00000000   Number         0  stm32f4xx_rcc.o ABSOLUTE
    TI_BRD_LIB\\TI-C_Board\\stm32f4xx_usart.c 0x00000000   Number         0  stm32f4xx_usart.o ABSOLUTE
    TI_BRD_LIB\\TI-C_Board\\system_stm32f4xx.c 0x00000000   Number         0  system_stm32f4xx.o ABSOLUTE
    basisFunktionen.c                        0x00000000   Number         0  basisfunktionen.o ABSOLUTE
    basisFunktionen.c                        0x00000000   Number         0  basisfunktionen.o ABSOLUTE
    dc.s                                     0x00000000   Number         0  dc.o ABSOLUTE
    error.c                                  0x00000000   Number         0  error.o ABSOLUTE
    main.c                                   0x00000000   Number         0  main.o ABSOLUTE
    main.c                                   0x00000000   Number         0  main.o ABSOLUTE
    oneWireBus.c                             0x00000000   Number         0  onewirebus.o ABSOLUTE
    oneWireBus.c                             0x00000000   Number         0  onewirebus.o ABSOLUTE
    output.c                                 0x00000000   Number         0  output.o ABSOLUTE
    output.c                                 0x00000000   Number         0  output.o ABSOLUTE
    RESET                                    0x08000000   Section      392  startup_stm32f4xx.o(RESET)
    !!!main                                  0x08000188   Section        8  __main.o(!!!main)
    !!!scatter                               0x08000190   Section       52  __scatter.o(!!!scatter)
    !!handler_copy                           0x080001c4   Section       26  __scatter_copy.o(!!handler_copy)
    !!handler_zi                             0x080001e0   Section       28  __scatter_zi.o(!!handler_zi)
    .ARM.Collect$$_printf_percent$$00000000  0x080001fc   Section        0  _printf_percent.o(.ARM.Collect$$_printf_percent$$00000000)
    .ARM.Collect$$_printf_percent$$00000003  0x080001fc   Section        6  _printf_f.o(.ARM.Collect$$_printf_percent$$00000003)
    .ARM.Collect$$_printf_percent$$0000000C  0x08000202   Section        6  _printf_x.o(.ARM.Collect$$_printf_percent$$0000000C)
    .ARM.Collect$$_printf_percent$$00000017  0x08000208   Section        4  _printf_percent_end.o(.ARM.Collect$$_printf_percent$$00000017)
    .ARM.Collect$$libinit$$00000000          0x0800020c   Section        2  libinit.o(.ARM.Collect$$libinit$$00000000)
    .ARM.Collect$$libinit$$00000001          0x0800020e   Section        4  libinit2.o(.ARM.Collect$$libinit$$00000001)
    .ARM.Collect$$libinit$$00000004          0x08000212   Section        0  libinit2.o(.ARM.Collect$$libinit$$00000004)
    .ARM.Collect$$libinit$$0000000A          0x08000212   Section        0  libinit2.o(.ARM.Collect$$libinit$$0000000A)
    .ARM.Collect$$libinit$$0000000C          0x08000212   Section        0  libinit2.o(.ARM.Collect$$libinit$$0000000C)
    .ARM.Collect$$libinit$$0000000E          0x08000212   Section        0  libinit2.o(.ARM.Collect$$libinit$$0000000E)
    .ARM.Collect$$libinit$$0000000F          0x08000212   Section        6  libinit2.o(.ARM.Collect$$libinit$$0000000F)
    .ARM.Collect$$libinit$$00000011          0x08000218   Section        0  libinit2.o(.ARM.Collect$$libinit$$00000011)
    .ARM.Collect$$libinit$$00000013          0x08000218   Section        0  libinit2.o(.ARM.Collect$$libinit$$00000013)
    .ARM.Collect$$libinit$$00000015          0x08000218   Section        0  libinit2.o(.ARM.Collect$$libinit$$00000015)
    .ARM.Collect$$libinit$$00000016          0x08000218   Section       10  libinit2.o(.ARM.Collect$$libinit$$00000016)
    .ARM.Collect$$libinit$$00000017          0x08000222   Section        0  libinit2.o(.ARM.Collect$$libinit$$00000017)
    .ARM.Collect$$libinit$$00000019          0x08000222   Section        0  libinit2.o(.ARM.Collect$$libinit$$00000019)
    .ARM.Collect$$libinit$$0000001B          0x08000222   Section        0  libinit2.o(.ARM.Collect$$libinit$$0000001B)
    .ARM.Collect$$libinit$$0000001D          0x08000222   Section        0  libinit2.o(.ARM.Collect$$libinit$$0000001D)
    .ARM.Collect$$libinit$$0000001F          0x08000222   Section        0  libinit2.o(.ARM.Collect$$libinit$$0000001F)
    .ARM.Collect$$libinit$$00000021          0x08000222   Section        0  libinit2.o(.ARM.Collect$$libinit$$00000021)
    .ARM.Collect$$libinit$$00000023          0x08000222   Section        0  libinit2.o(.ARM.Collect$$libinit$$00000023)
    .ARM.Collect$$libinit$$00000025          0x08000222   Section        0  libinit2.o(.ARM.Collect$$libinit$$00000025)
    .ARM.Collect$$libinit$$0000002C          0x08000222   Section        0  libinit2.o(.ARM.Collect$$libinit$$0000002C)
    .ARM.Collect$$libinit$$0000002E          0x08000222   Section        0  libinit2.o(.ARM.Collect$$libinit$$0000002E)
    .ARM.Collect$$libinit$$00000030          0x08000222   Section        0  libinit2.o(.ARM.Collect$$libinit$$00000030)
    .ARM.Collect$$libinit$$00000032          0x08000222   Section        0  libinit2.o(.ARM.Collect$$libinit$$00000032)
    .ARM.Collect$$libinit$$00000033          0x08000222   Section        2  libinit2.o(.ARM.Collect$$libinit$$00000033)
    .ARM.Collect$$libshutdown$$00000000      0x08000224   Section        2  libshutdown.o(.ARM.Collect$$libshutdown$$00000000)
    .ARM.Collect$$libshutdown$$00000002      0x08000226   Section        0  libshutdown2.o(.ARM.Collect$$libshutdown$$00000002)
    .ARM.Collect$$libshutdown$$00000004      0x08000226   Section        0  libshutdown2.o(.ARM.Collect$$libshutdown$$00000004)
    .ARM.Collect$$libshutdown$$00000007      0x08000226   Section        0  libshutdown2.o(.ARM.Collect$$libshutdown$$00000007)
    .ARM.Collect$$libshutdown$$0000000A      0x08000226   Section        0  libshutdown2.o(.ARM.Collect$$libshutdown$$0000000A)
    .ARM.Collect$$libshutdown$$0000000C      0x08000226   Section        0  libshutdown2.o(.ARM.Collect$$libshutdown$$0000000C)
    .ARM.Collect$$libshutdown$$0000000F      0x08000226   Section        0  libshutdown2.o(.ARM.Collect$$libshutdown$$0000000F)
    .ARM.Collect$$libshutdown$$00000010      0x08000226   Section        2  libshutdown2.o(.ARM.Collect$$libshutdown$$00000010)
    .ARM.Collect$$rtentry$$00000000          0x08000228   Section        0  __rtentry.o(.ARM.Collect$$rtentry$$00000000)
    .ARM.Collect$$rtentry$$00000002          0x08000228   Section        0  __rtentry2.o(.ARM.Collect$$rtentry$$00000002)
    .ARM.Collect$$rtentry$$00000004          0x08000228   Section        6  __rtentry4.o(.ARM.Collect$$rtentry$$00000004)
    .ARM.Collect$$rtentry$$00000009          0x0800022e   Section        0  __rtentry2.o(.ARM.Collect$$rtentry$$00000009)
    .ARM.Collect$$rtentry$$0000000A          0x0800022e   Section        4  __rtentry2.o(.ARM.Collect$$rtentry$$0000000A)
    .ARM.Collect$$rtentry$$0000000C          0x08000232   Section        0  __rtentry2.o(.ARM.Collect$$rtentry$$0000000C)
    .ARM.Collect$$rtentry$$0000000D          0x08000232   Section        8  __rtentry2.o(.ARM.Collect$$rtentry$$0000000D)
    .ARM.Collect$$rtexit$$00000000           0x0800023a   Section        2  rtexit.o(.ARM.Collect$$rtexit$$00000000)
    .ARM.Collect$$rtexit$$00000002           0x0800023c   Section        0  rtexit2.o(.ARM.Collect$$rtexit$$00000002)
    .ARM.Collect$$rtexit$$00000003           0x0800023c   Section        4  rtexit2.o(.ARM.Collect$$rtexit$$00000003)
    .ARM.Collect$$rtexit$$00000004           0x08000240   Section        6  rtexit2.o(.ARM.Collect$$rtexit$$00000004)
    .text                                    0x08000248   Section       80  startup_stm32f4xx.o(.text)
    $v0                                      0x08000248   Number         0  startup_stm32f4xx.o(.text)
    .text                                    0x08000298   Section        0  noretval__2printf.o(.text)
    .text                                    0x080002b0   Section        0  noretval__2snprintf.o(.text)
    .text                                    0x080002e4   Section        0  _printf_pad.o(.text)
    .text                                    0x08000334   Section        0  _printf_hex_int.o(.text)
    .text                                    0x0800038c   Section        0  __printf_flags_wp.o(.text)
    .text                                    0x080004c4   Section        0  strcpy.o(.text)
    .text                                    0x0800050c   Section        0  strlen.o(.text)
    .text                                    0x0800054a   Section        0  heapauxi.o(.text)
    .text                                    0x08000550   Section        0  _printf_intcommon.o(.text)
    .text                                    0x08000602   Section        0  _printf_fp_dec.o(.text)
    _fp_digits                               0x08000605   Thumb Code   432  _printf_fp_dec.o(.text)
    .text                                    0x08000a20   Section        0  _printf_char_common.o(.text)
    _printf_input_char                       0x08000a21   Thumb Code    10  _printf_char_common.o(.text)
    .text                                    0x08000a50   Section        0  _sputc.o(.text)
    .text                                    0x08000a5a   Section        0  _snputc.o(.text)
    .text                                    0x08000a6c   Section        0  _printf_char_file.o(.text)
    .text                                    0x08000a90   Section        8  rt_locale_intlibspace.o(.text)
    .text                                    0x08000a98   Section      138  lludiv10.o(.text)
    .text                                    0x08000b24   Section        0  _printf_fp_infnan.o(.text)
    .text                                    0x08000ba4   Section        0  bigflt0.o(.text)
    .text                                    0x08000c88   Section        8  libspace.o(.text)
    .text                                    0x08000c90   Section       74  sys_stackheap_outer.o(.text)
    .text                                    0x08000cda   Section        0  exit.o(.text)
    .text                                    0x08000cec   Section      128  strcmpv7m.o(.text)
    CL$$btod_d2e                             0x08000d6c   Section       62  btod.o(CL$$btod_d2e)
    CL$$btod_d2e_denorm_low                  0x08000daa   Section       70  btod.o(CL$$btod_d2e_denorm_low)
    CL$$btod_d2e_norm_op1                    0x08000df0   Section       96  btod.o(CL$$btod_d2e_norm_op1)
    CL$$btod_div_common                      0x08000e50   Section      824  btod.o(CL$$btod_div_common)
    CL$$btod_e2e                             0x08001188   Section      220  btod.o(CL$$btod_e2e)
    CL$$btod_ediv                            0x08001264   Section       42  btod.o(CL$$btod_ediv)
    CL$$btod_emul                            0x0800128e   Section       42  btod.o(CL$$btod_emul)
    CL$$btod_mult_common                     0x080012b8   Section      580  btod.o(CL$$btod_mult_common)
    i.DO_CRC                                 0x080014fc   Section        0  onewirebus.o(i.DO_CRC)
    i.Delay                                  0x08001538   Section        0  ti_lib.o(i.Delay)
    i.FindDevices                            0x08001550   Section        0  onewirebus.o(i.FindDevices)
    i.GPIO_Init                              0x080015b8   Section        0  stm32f4xx_gpio.o(i.GPIO_Init)
    i.GPIO_PinAFConfig                       0x0800175c   Section        0  stm32f4xx_gpio.o(i.GPIO_PinAFConfig)
    i.Init_IO                                0x080018fc   Section        0  ti_board_io.o(i.Init_IO)
    i.Init_SPI                               0x08001990   Section        0  ti_board_io.o(i.Init_SPI)
    i.Init_System_Clock                      0x08001b20   Section        0  ti_board_io.o(i.Init_System_Clock)
    i.Init_TI_Board                          0x08001b8c   Section        0  ti_lib.o(i.Init_TI_Board)
    i.NVIC_Init                              0x08001bb0   Section        0  misc.o(i.NVIC_Init)
    i.NVIC_PriorityGroupConfig               0x08001c80   Section        0  misc.o(i.NVIC_PriorityGroupConfig)
    i.RCC_AHB1PeriphClockCmd                 0x08001ce0   Section        0  stm32f4xx_rcc.o(i.RCC_AHB1PeriphClockCmd)
    i.RCC_APB2PeriphClockCmd                 0x08001d58   Section        0  stm32f4xx_rcc.o(i.RCC_APB2PeriphClockCmd)
    i.RCC_GetClocksFreq                      0x08001dd0   Section        0  stm32f4xx_rcc.o(i.RCC_GetClocksFreq)
    i.SetSysClock                            0x08001eb8   Section        0  system_stm32f4xx.o(i.SetSysClock)
    SetSysClock                              0x08001eb9   Thumb Code   220  system_stm32f4xx.o(i.SetSysClock)
    i.SysTick_Handler                        0x08001fa4   Section        0  ti_lib.o(i.SysTick_Handler)
    i.SystemCoreClockUpdate                  0x08001fac   Section        0  system_stm32f4xx.o(i.SystemCoreClockUpdate)
    i.SystemInit                             0x0800206c   Section        0  system_stm32f4xx.o(i.SystemInit)
    i.TFT_Init                               0x080020d4   Section        0  tft.o(i.TFT_Init)
    i.TFT_cls                                0x080020f0   Section        0  tft.o(i.TFT_cls)
    i.TFT_cursor_off                         0x080020fa   Section        0  tft.o(i.TFT_cursor_off)
    i.TFT_gotoxy                             0x0800211e   Section        0  tft.o(i.TFT_gotoxy)
    i.TFT_putc                               0x0800214c   Section        0  tft.o(i.TFT_putc)
    i.TFT_puts                               0x0800216a   Section        0  tft.o(i.TFT_puts)
    i.TFT_send_data                          0x08002180   Section        0  tft.o(i.TFT_send_data)
    i.TFT_setTimeout                         0x080022a0   Section        0  tft.o(i.TFT_setTimeout)
    i.TFT_set_font_color                     0x08002384   Section        0  tft.o(i.TFT_set_font_color)
    i.TFT_set_window                         0x080023b0   Section        0  tft.o(i.TFT_set_window)
    i.TFT_terminal_on                        0x080023fe   Section        0  tft.o(i.TFT_terminal_on)
    i.TFT_touch_key_feedback                 0x0800241c   Section        0  tft.o(i.TFT_touch_key_feedback)
    i.TimingDelay_Decrement                  0x08002464   Section        0  ti_lib.o(i.TimingDelay_Decrement)
    i.USART1_Buffer_Init                     0x08002488   Section        0  usart.o(i.USART1_Buffer_Init)
    i.USART1_IRQHandler                      0x080024ac   Section        0  usart.o(i.USART1_IRQHandler)
    i.USART1_Init                            0x08002548   Section        0  usart.o(i.USART1_Init)
    i.USART1_SendChar                        0x08002614   Section        0  usart.o(i.USART1_SendChar)
    i.USART_Cmd                              0x08002668   Section        0  stm32f4xx_usart.o(i.USART_Cmd)
    i.USART_Init                             0x08002708   Section        0  stm32f4xx_usart.o(i.USART_Init)
    i.USART_OverSampling8Cmd                 0x08002914   Section        0  stm32f4xx_usart.o(i.USART_OverSampling8Cmd)
    i.__ARM_fpclassify                       0x080029b4   Section        0  fpclassify.o(i.__ARM_fpclassify)
    i._is_digit                              0x080029e4   Section        0  __printf_wp.o(i._is_digit)
    i._sys_exit                              0x080029f2   Section        0  retarget.o(i._sys_exit)
    i.assert_failed                          0x080029f6   Section        0  assert.o(i.assert_failed)
    i.bus_Init                               0x080029fa   Section        0  basisfunktionen.o(i.bus_Init)
    i.calculateTemp                          0x08002a0e   Section        0  onewirebus.o(i.calculateTemp)
    i.delay                                  0x08002a3a   Section        0  basisfunktionen.o(i.delay)
    i.ferror                                 0x08002a6c   Section        0  retarget.o(i.ferror)
    i.first                                  0x08002a74   Section        0  onewirebus.o(i.first)
    i.fputc                                  0x08002a80   Section        0  retarget.o(i.fputc)
    i.initTft                                0x08002aac   Section        0  output.o(i.initTft)
    i.main                                   0x08002b50   Section        0  main.o(i.main)
    i.next                                   0x08002b8c   Section        0  onewirebus.o(i.next)
    i.powerWithVCC                           0x08002d64   Section        0  basisfunktionen.o(i.powerWithVCC)
    i.printData                              0x08002d80   Section        0  output.o(i.printData)
    i.printErrorMessage                      0x08002e00   Section        0  error.o(i.printErrorMessage)
    i.printSensorID                          0x08002e44   Section        0  output.o(i.printSensorID)
    i.readBit                                0x08002ec4   Section        0  basisfunktionen.o(i.readBit)
    i.readBus                                0x08002ef0   Section        0  basisfunktionen.o(i.readBus)
    i.readByte                               0x08002f00   Section        0  basisfunktionen.o(i.readByte)
    i.readTemp                               0x08002f1c   Section        0  onewirebus.o(i.readTemp)
    i.resetPulse                             0x08002fc8   Section        0  basisfunktionen.o(i.resetPulse)
    i.reset_search                           0x08002ff8   Section        0  onewirebus.o(i.reset_search)
    i.searchROM                              0x08003014   Section        0  onewirebus.o(i.searchROM)
    i.setErrorMessage                        0x08003034   Section        0  error.o(i.setErrorMessage)
    i.setHigh                                0x08003080   Section        0  basisfunktionen.o(i.setHigh)
    i.setLow                                 0x08003090   Section        0  basisfunktionen.o(i.setLow)
    i.setOpenDrainMode                       0x080030a0   Section        0  basisfunktionen.o(i.setOpenDrainMode)
    i.setPushPullMode                        0x080030c4   Section        0  basisfunktionen.o(i.setPushPullMode)
    i.timerinit                              0x080030e8   Section        0  timer.o(i.timerinit)
    i.writeBit                               0x08003114   Section        0  basisfunktionen.o(i.writeBit)
    i.writeByte                              0x0800315c   Section        0  basisfunktionen.o(i.writeByte)
    locale$$code                             0x08003180   Section       44  lc_numeric_c.o(locale$$code)
    x$fpl$dcmpinf                            0x080031ac   Section       24  dcmpi.o(x$fpl$dcmpinf)
    $v0                                      0x080031ac   Number         0  dcmpi.o(x$fpl$dcmpinf)
    x$fpl$deqf                               0x080031c4   Section      120  deqf.o(x$fpl$deqf)
    $v0                                      0x080031c4   Number         0  deqf.o(x$fpl$deqf)
    x$fpl$dnaninf                            0x0800323c   Section      156  dnaninf.o(x$fpl$dnaninf)
    $v0                                      0x0800323c   Number         0  dnaninf.o(x$fpl$dnaninf)
    x$fpl$dretinf                            0x080032d8   Section       12  dretinf.o(x$fpl$dretinf)
    $v0                                      0x080032d8   Number         0  dretinf.o(x$fpl$dretinf)
    x$fpl$f2d                                0x080032e4   Section       86  f2d.o(x$fpl$f2d)
    $v0                                      0x080032e4   Number         0  f2d.o(x$fpl$f2d)
    x$fpl$fnaninf                            0x0800333a   Section      140  fnaninf.o(x$fpl$fnaninf)
    $v0                                      0x0800333a   Number         0  fnaninf.o(x$fpl$fnaninf)
    x$fpl$fpinit                             0x080033c6   Section       10  fpinit.o(x$fpl$fpinit)
    $v0                                      0x080033c6   Number         0  fpinit.o(x$fpl$fpinit)
    x$fpl$printf1                            0x080033d0   Section        4  printf1.o(x$fpl$printf1)
    $v0                                      0x080033d0   Number         0  printf1.o(x$fpl$printf1)
    .constdata                               0x080033d4   Section       40  _printf_hex_int.o(.constdata)
    x$fpl$usenofp                            0x080033d4   Section        0  usenofp.o(x$fpl$usenofp)
    uc_hextab                                0x080033d4   Data          20  _printf_hex_int.o(.constdata)
    lc_hextab                                0x080033e8   Data          20  _printf_hex_int.o(.constdata)
    .constdata                               0x080033fc   Section       17  __printf_flags_wp.o(.constdata)
    maptable                                 0x080033fc   Data          17  __printf_flags_wp.o(.constdata)
    .constdata                               0x08003410   Section      148  bigflt0.o(.constdata)
    tenpwrs_x                                0x08003410   Data          60  bigflt0.o(.constdata)
    tenpwrs_i                                0x0800344c   Data          64  bigflt0.o(.constdata)
    locale$$data                             0x080034c4   Section       28  lc_numeric_c.o(locale$$data)
    __lcnum_c_name                           0x080034c8   Data           2  lc_numeric_c.o(locale$$data)
    __lcnum_c_start                          0x080034d0   Data           0  lc_numeric_c.o(locale$$data)
    __lcnum_c_point                          0x080034dc   Data           0  lc_numeric_c.o(locale$$data)
    __lcnum_c_thousands                      0x080034de   Data           0  lc_numeric_c.o(locale$$data)
    __lcnum_c_grouping                       0x080034df   Data           0  lc_numeric_c.o(locale$$data)
    __lcnum_c_end                            0x080034e0   Data           0  lc_numeric_c.o(locale$$data)
    .data                                    0x20000000   Section        8  ti_lib.o(.data)
    TimingDelay                              0x20000000   Data           4  ti_lib.o(.data)
    uptime                                   0x20000004   Data           4  ti_lib.o(.data)
    .data                                    0x20000008   Section       16  stm32f4xx_rcc.o(.data)
    APBAHBPrescTable                         0x20000008   Data          16  stm32f4xx_rcc.o(.data)
    .data                                    0x20000018   Section       20  system_stm32f4xx.o(.data)
    .data                                    0x2000002c   Section        8  retarget.o(.data)
    .data                                    0x20000034   Section        4  usart.o(.data)
    tx_restart                               0x20000034   Data           4  usart.o(.data)
    .data                                    0x20000038   Section       48  onewirebus.o(.data)
    .data                                    0x20000068   Section        4  error.o(.data)
    .bss                                     0x2000006c   Section      528  usart.o(.bss)
    rbuf                                     0x2000006c   Data         264  usart.o(.bss)
    tbuf                                     0x20000174   Data         264  usart.o(.bss)
    .bss                                     0x2000027c   Section       40  onewirebus.o(.bss)
    .bss                                     0x200002a4   Section       35  error.o(.bss)
    errorMessage                             0x200002a4   Data          35  error.o(.bss)
    .bss                                     0x200002c8   Section       96  libspace.o(.bss)
    HEAP                                     0x20000328   Section    32768  startup_stm32f4xx.o(HEAP)
    Heap_Mem                                 0x20000328   Data       32768  startup_stm32f4xx.o(HEAP)
    STACK                                    0x20008328   Section     4096  startup_stm32f4xx.o(STACK)
    Stack_Mem                                0x20008328   Data        4096  startup_stm32f4xx.o(STACK)
    __initial_sp                             0x20009328   Data           0  startup_stm32f4xx.o(STACK)

    Global Symbols

    Symbol Name                              Value     Ov Type        Size  Object(Section)

    BuildAttributes$$THM_ISAv4$E$P$D$K$B$S$7EM$VFPi3$EXTD16$VFPS$VFMA$PE$A:L22UL41UL21$X:L11$S22US41US21$IEEE1$IW$USESV6$~STKCKD$USESV7$~SHL$OTIME$ROPI$IEEEJ$EBA8$UX$STANDARDLIB$REQ8$PRES8$EABIv2 0x00000000   Number         0  anon$$obj.o ABSOLUTE
    __ARM_use_no_argv                        0x00000000   Number         0  main.o ABSOLUTE
    _printf_flags                            0x00000000   Number         0  printf_stubs.o ABSOLUTE
    _printf_return_value                     0x00000000   Number         0  printf_stubs.o ABSOLUTE
    _printf_sizespec                         0x00000000   Number         0  printf_stubs.o ABSOLUTE
    _printf_widthprec                        0x00000000   Number         0  printf_stubs.o ABSOLUTE
    __ARM_exceptions_init                     - Undefined Weak Reference
    __alloca_initialize                       - Undefined Weak Reference
    __arm_preinit_                            - Undefined Weak Reference
    __cpp_initialize__aeabi_                  - Undefined Weak Reference
    __cxa_finalize                            - Undefined Weak Reference
    __sigvec_lookup                           - Undefined Weak Reference
    _atexit_init                              - Undefined Weak Reference
    _call_atexit_fns                          - Undefined Weak Reference
    _clock_init                               - Undefined Weak Reference
    _fp_trap_init                             - Undefined Weak Reference
    _fp_trap_shutdown                         - Undefined Weak Reference
    _get_lc_collate                           - Undefined Weak Reference
    _get_lc_ctype                             - Undefined Weak Reference
    _get_lc_monetary                          - Undefined Weak Reference
    _get_lc_time                              - Undefined Weak Reference
    _getenv_init                              - Undefined Weak Reference
    _handle_redirection                       - Undefined Weak Reference
    _init_alloc                               - Undefined Weak Reference
    _init_user_alloc                          - Undefined Weak Reference
    _initio                                   - Undefined Weak Reference
    _printf_truncate_signed                   - Undefined Weak Reference
    _printf_truncate_unsigned                 - Undefined Weak Reference
    _rand_init                                - Undefined Weak Reference
    _signal_finish                            - Undefined Weak Reference
    _signal_init                              - Undefined Weak Reference
    _terminate_alloc                          - Undefined Weak Reference
    _terminate_user_alloc                     - Undefined Weak Reference
    _terminateio                              - Undefined Weak Reference
    __Vectors_Size                           0x00000188   Number         0  startup_stm32f4xx.o ABSOLUTE
    __Vectors                                0x08000000   Data           4  startup_stm32f4xx.o(RESET)
    __Vectors_End                            0x08000188   Data           0  startup_stm32f4xx.o(RESET)
    __main                                   0x08000189   Thumb Code     8  __main.o(!!!main)
    __scatterload                            0x08000191   Thumb Code     0  __scatter.o(!!!scatter)
    __scatterload_rt2                        0x08000191   Thumb Code    44  __scatter.o(!!!scatter)
    __scatterload_rt2_thumb_only             0x08000191   Thumb Code     0  __scatter.o(!!!scatter)
    __scatterload_null                       0x0800019f   Thumb Code     0  __scatter.o(!!!scatter)
    __scatterload_copy                       0x080001c5   Thumb Code    26  __scatter_copy.o(!!handler_copy)
    __scatterload_zeroinit                   0x080001e1   Thumb Code    28  __scatter_zi.o(!!handler_zi)
    _printf_f                                0x080001fd   Thumb Code     0  _printf_f.o(.ARM.Collect$$_printf_percent$$00000003)
    _printf_percent                          0x080001fd   Thumb Code     0  _printf_percent.o(.ARM.Collect$$_printf_percent$$00000000)
    _printf_x                                0x08000203   Thumb Code     0  _printf_x.o(.ARM.Collect$$_printf_percent$$0000000C)
    _printf_percent_end                      0x08000209   Thumb Code     0  _printf_percent_end.o(.ARM.Collect$$_printf_percent$$00000017)
    __rt_lib_init                            0x0800020d   Thumb Code     0  libinit.o(.ARM.Collect$$libinit$$00000000)
    __rt_lib_init_fp_1                       0x0800020f   Thumb Code     0  libinit2.o(.ARM.Collect$$libinit$$00000001)
    __rt_lib_init_heap_1                     0x08000213   Thumb Code     0  libinit2.o(.ARM.Collect$$libinit$$0000000A)
    __rt_lib_init_lc_common                  0x08000213   Thumb Code     0  libinit2.o(.ARM.Collect$$libinit$$0000000F)
    __rt_lib_init_preinit_1                  0x08000213   Thumb Code     0  libinit2.o(.ARM.Collect$$libinit$$00000004)
    __rt_lib_init_rand_1                     0x08000213   Thumb Code     0  libinit2.o(.ARM.Collect$$libinit$$0000000E)
    __rt_lib_init_user_alloc_1               0x08000213   Thumb Code     0  libinit2.o(.ARM.Collect$$libinit$$0000000C)
    __rt_lib_init_lc_collate_1               0x08000219   Thumb Code     0  libinit2.o(.ARM.Collect$$libinit$$00000011)
    __rt_lib_init_lc_ctype_1                 0x08000219   Thumb Code     0  libinit2.o(.ARM.Collect$$libinit$$00000013)
    __rt_lib_init_lc_monetary_1              0x08000219   Thumb Code     0  libinit2.o(.ARM.Collect$$libinit$$00000015)
    __rt_lib_init_lc_numeric_2               0x08000219   Thumb Code     0  libinit2.o(.ARM.Collect$$libinit$$00000016)
    __rt_lib_init_alloca_1                   0x08000223   Thumb Code     0  libinit2.o(.ARM.Collect$$libinit$$0000002E)
    __rt_lib_init_argv_1                     0x08000223   Thumb Code     0  libinit2.o(.ARM.Collect$$libinit$$0000002C)
    __rt_lib_init_atexit_1                   0x08000223   Thumb Code     0  libinit2.o(.ARM.Collect$$libinit$$0000001B)
    __rt_lib_init_clock_1                    0x08000223   Thumb Code     0  libinit2.o(.ARM.Collect$$libinit$$00000021)
    __rt_lib_init_cpp_1                      0x08000223   Thumb Code     0  libinit2.o(.ARM.Collect$$libinit$$00000032)
    __rt_lib_init_exceptions_1               0x08000223   Thumb Code     0  libinit2.o(.ARM.Collect$$libinit$$00000030)
    __rt_lib_init_fp_trap_1                  0x08000223   Thumb Code     0  libinit2.o(.ARM.Collect$$libinit$$0000001F)
    __rt_lib_init_getenv_1                   0x08000223   Thumb Code     0  libinit2.o(.ARM.Collect$$libinit$$00000023)
    __rt_lib_init_lc_numeric_1               0x08000223   Thumb Code     0  libinit2.o(.ARM.Collect$$libinit$$00000017)
    __rt_lib_init_lc_time_1                  0x08000223   Thumb Code     0  libinit2.o(.ARM.Collect$$libinit$$00000019)
    __rt_lib_init_return                     0x08000223   Thumb Code     0  libinit2.o(.ARM.Collect$$libinit$$00000033)
    __rt_lib_init_signal_1                   0x08000223   Thumb Code     0  libinit2.o(.ARM.Collect$$libinit$$0000001D)
    __rt_lib_init_stdio_1                    0x08000223   Thumb Code     0  libinit2.o(.ARM.Collect$$libinit$$00000025)
    __rt_lib_shutdown                        0x08000225   Thumb Code     0  libshutdown.o(.ARM.Collect$$libshutdown$$00000000)
    __rt_lib_shutdown_cpp_1                  0x08000227   Thumb Code     0  libshutdown2.o(.ARM.Collect$$libshutdown$$00000002)
    __rt_lib_shutdown_fp_trap_1              0x08000227   Thumb Code     0  libshutdown2.o(.ARM.Collect$$libshutdown$$00000007)
    __rt_lib_shutdown_heap_1                 0x08000227   Thumb Code     0  libshutdown2.o(.ARM.Collect$$libshutdown$$0000000F)
    __rt_lib_shutdown_return                 0x08000227   Thumb Code     0  libshutdown2.o(.ARM.Collect$$libshutdown$$00000010)
    __rt_lib_shutdown_signal_1               0x08000227   Thumb Code     0  libshutdown2.o(.ARM.Collect$$libshutdown$$0000000A)
    __rt_lib_shutdown_stdio_1                0x08000227   Thumb Code     0  libshutdown2.o(.ARM.Collect$$libshutdown$$00000004)
    __rt_lib_shutdown_user_alloc_1           0x08000227   Thumb Code     0  libshutdown2.o(.ARM.Collect$$libshutdown$$0000000C)
    __rt_entry                               0x08000229   Thumb Code     0  __rtentry.o(.ARM.Collect$$rtentry$$00000000)
    __rt_entry_presh_1                       0x08000229   Thumb Code     0  __rtentry2.o(.ARM.Collect$$rtentry$$00000002)
    __rt_entry_sh                            0x08000229   Thumb Code     0  __rtentry4.o(.ARM.Collect$$rtentry$$00000004)
    __rt_entry_li                            0x0800022f   Thumb Code     0  __rtentry2.o(.ARM.Collect$$rtentry$$0000000A)
    __rt_entry_postsh_1                      0x0800022f   Thumb Code     0  __rtentry2.o(.ARM.Collect$$rtentry$$00000009)
    __rt_entry_main                          0x08000233   Thumb Code     0  __rtentry2.o(.ARM.Collect$$rtentry$$0000000D)
    __rt_entry_postli_1                      0x08000233   Thumb Code     0  __rtentry2.o(.ARM.Collect$$rtentry$$0000000C)
    __rt_exit                                0x0800023b   Thumb Code     0  rtexit.o(.ARM.Collect$$rtexit$$00000000)
    __rt_exit_ls                             0x0800023d   Thumb Code     0  rtexit2.o(.ARM.Collect$$rtexit$$00000003)
    __rt_exit_prels_1                        0x0800023d   Thumb Code     0  rtexit2.o(.ARM.Collect$$rtexit$$00000002)
    __rt_exit_exit                           0x08000241   Thumb Code     0  rtexit2.o(.ARM.Collect$$rtexit$$00000004)
    Reset_Handler                            0x08000249   Thumb Code    18  startup_stm32f4xx.o(.text)
    NMI_Handler                              0x0800025b   Thumb Code     2  startup_stm32f4xx.o(.text)
    HardFault_Handler                        0x0800025d   Thumb Code     2  startup_stm32f4xx.o(.text)
    MemManage_Handler                        0x0800025f   Thumb Code     2  startup_stm32f4xx.o(.text)
    BusFault_Handler                         0x08000261   Thumb Code     2  startup_stm32f4xx.o(.text)
    UsageFault_Handler                       0x08000263   Thumb Code     2  startup_stm32f4xx.o(.text)
    SVC_Handler                              0x08000265   Thumb Code     2  startup_stm32f4xx.o(.text)
    DebugMon_Handler                         0x08000267   Thumb Code     2  startup_stm32f4xx.o(.text)
    PendSV_Handler                           0x08000269   Thumb Code     2  startup_stm32f4xx.o(.text)
    ADC_IRQHandler                           0x0800026d   Thumb Code     0  startup_stm32f4xx.o(.text)
    CAN1_RX0_IRQHandler                      0x0800026d   Thumb Code     0  startup_stm32f4xx.o(.text)
    CAN1_RX1_IRQHandler                      0x0800026d   Thumb Code     0  startup_stm32f4xx.o(.text)
    CAN1_SCE_IRQHandler                      0x0800026d   Thumb Code     0  startup_stm32f4xx.o(.text)
    CAN1_TX_IRQHandler                       0x0800026d   Thumb Code     0  startup_stm32f4xx.o(.text)
    CAN2_RX0_IRQHandler                      0x0800026d   Thumb Code     0  startup_stm32f4xx.o(.text)
    CAN2_RX1_IRQHandler                      0x0800026d   Thumb Code     0  startup_stm32f4xx.o(.text)
    CAN2_SCE_IRQHandler                      0x0800026d   Thumb Code     0  startup_stm32f4xx.o(.text)
    CAN2_TX_IRQHandler                       0x0800026d   Thumb Code     0  startup_stm32f4xx.o(.text)
    CRYP_IRQHandler                          0x0800026d   Thumb Code     0  startup_stm32f4xx.o(.text)
    DCMI_IRQHandler                          0x0800026d   Thumb Code     0  startup_stm32f4xx.o(.text)
    DMA1_Stream0_IRQHandler                  0x0800026d   Thumb Code     0  startup_stm32f4xx.o(.text)
    DMA1_Stream1_IRQHandler                  0x0800026d   Thumb Code     0  startup_stm32f4xx.o(.text)
    DMA1_Stream2_IRQHandler                  0x0800026d   Thumb Code     0  startup_stm32f4xx.o(.text)
    DMA1_Stream3_IRQHandler                  0x0800026d   Thumb Code     0  startup_stm32f4xx.o(.text)
    DMA1_Stream4_IRQHandler                  0x0800026d   Thumb Code     0  startup_stm32f4xx.o(.text)
    DMA1_Stream5_IRQHandler                  0x0800026d   Thumb Code     0  startup_stm32f4xx.o(.text)
    DMA1_Stream6_IRQHandler                  0x0800026d   Thumb Code     0  startup_stm32f4xx.o(.text)
    DMA1_Stream7_IRQHandler                  0x0800026d   Thumb Code     0  startup_stm32f4xx.o(.text)
    DMA2_Stream0_IRQHandler                  0x0800026d   Thumb Code     0  startup_stm32f4xx.o(.text)
    DMA2_Stream1_IRQHandler                  0x0800026d   Thumb Code     0  startup_stm32f4xx.o(.text)
    DMA2_Stream2_IRQHandler                  0x0800026d   Thumb Code     0  startup_stm32f4xx.o(.text)
    DMA2_Stream3_IRQHandler                  0x0800026d   Thumb Code     0  startup_stm32f4xx.o(.text)
    DMA2_Stream4_IRQHandler                  0x0800026d   Thumb Code     0  startup_stm32f4xx.o(.text)
    DMA2_Stream5_IRQHandler                  0x0800026d   Thumb Code     0  startup_stm32f4xx.o(.text)
    DMA2_Stream6_IRQHandler                  0x0800026d   Thumb Code     0  startup_stm32f4xx.o(.text)
    DMA2_Stream7_IRQHandler                  0x0800026d   Thumb Code     0  startup_stm32f4xx.o(.text)
    ETH_IRQHandler                           0x0800026d   Thumb Code     0  startup_stm32f4xx.o(.text)
    ETH_WKUP_IRQHandler                      0x0800026d   Thumb Code     0  startup_stm32f4xx.o(.text)
    EXTI0_IRQHandler                         0x0800026d   Thumb Code     0  startup_stm32f4xx.o(.text)
    EXTI15_10_IRQHandler                     0x0800026d   Thumb Code     0  startup_stm32f4xx.o(.text)
    EXTI1_IRQHandler                         0x0800026d   Thumb Code     0  startup_stm32f4xx.o(.text)
    EXTI2_IRQHandler                         0x0800026d   Thumb Code     0  startup_stm32f4xx.o(.text)
    EXTI3_IRQHandler                         0x0800026d   Thumb Code     0  startup_stm32f4xx.o(.text)
    EXTI4_IRQHandler                         0x0800026d   Thumb Code     0  startup_stm32f4xx.o(.text)
    EXTI9_5_IRQHandler                       0x0800026d   Thumb Code     0  startup_stm32f4xx.o(.text)
    FLASH_IRQHandler                         0x0800026d   Thumb Code     0  startup_stm32f4xx.o(.text)
    FPU_IRQHandler                           0x0800026d   Thumb Code     0  startup_stm32f4xx.o(.text)
    FSMC_IRQHandler                          0x0800026d   Thumb Code     0  startup_stm32f4xx.o(.text)
    HASH_RNG_IRQHandler                      0x0800026d   Thumb Code     0  startup_stm32f4xx.o(.text)
    I2C1_ER_IRQHandler                       0x0800026d   Thumb Code     0  startup_stm32f4xx.o(.text)
    I2C1_EV_IRQHandler                       0x0800026d   Thumb Code     0  startup_stm32f4xx.o(.text)
    I2C2_ER_IRQHandler                       0x0800026d   Thumb Code     0  startup_stm32f4xx.o(.text)
    I2C2_EV_IRQHandler                       0x0800026d   Thumb Code     0  startup_stm32f4xx.o(.text)
    I2C3_ER_IRQHandler                       0x0800026d   Thumb Code     0  startup_stm32f4xx.o(.text)
    I2C3_EV_IRQHandler                       0x0800026d   Thumb Code     0  startup_stm32f4xx.o(.text)
    OTG_FS_IRQHandler                        0x0800026d   Thumb Code     0  startup_stm32f4xx.o(.text)
    OTG_FS_WKUP_IRQHandler                   0x0800026d   Thumb Code     0  startup_stm32f4xx.o(.text)
    OTG_HS_EP1_IN_IRQHandler                 0x0800026d   Thumb Code     0  startup_stm32f4xx.o(.text)
    OTG_HS_EP1_OUT_IRQHandler                0x0800026d   Thumb Code     0  startup_stm32f4xx.o(.text)
    OTG_HS_IRQHandler                        0x0800026d   Thumb Code     0  startup_stm32f4xx.o(.text)
    OTG_HS_WKUP_IRQHandler                   0x0800026d   Thumb Code     0  startup_stm32f4xx.o(.text)
    PVD_IRQHandler                           0x0800026d   Thumb Code     0  startup_stm32f4xx.o(.text)
    RCC_IRQHandler                           0x0800026d   Thumb Code     0  startup_stm32f4xx.o(.text)
    RTC_Alarm_IRQHandler                     0x0800026d   Thumb Code     0  startup_stm32f4xx.o(.text)
    RTC_WKUP_IRQHandler                      0x0800026d   Thumb Code     0  startup_stm32f4xx.o(.text)
    SDIO_IRQHandler                          0x0800026d   Thumb Code     0  startup_stm32f4xx.o(.text)
    SPI1_IRQHandler                          0x0800026d   Thumb Code     0  startup_stm32f4xx.o(.text)
    SPI2_IRQHandler                          0x0800026d   Thumb Code     0  startup_stm32f4xx.o(.text)
    SPI3_IRQHandler                          0x0800026d   Thumb Code     0  startup_stm32f4xx.o(.text)
    TAMP_STAMP_IRQHandler                    0x0800026d   Thumb Code     0  startup_stm32f4xx.o(.text)
    TIM1_BRK_TIM9_IRQHandler                 0x0800026d   Thumb Code     0  startup_stm32f4xx.o(.text)
    TIM1_CC_IRQHandler                       0x0800026d   Thumb Code     0  startup_stm32f4xx.o(.text)
    TIM1_TRG_COM_TIM11_IRQHandler            0x0800026d   Thumb Code     0  startup_stm32f4xx.o(.text)
    TIM1_UP_TIM10_IRQHandler                 0x0800026d   Thumb Code     0  startup_stm32f4xx.o(.text)
    TIM2_IRQHandler                          0x0800026d   Thumb Code     0  startup_stm32f4xx.o(.text)
    TIM3_IRQHandler                          0x0800026d   Thumb Code     0  startup_stm32f4xx.o(.text)
    TIM4_IRQHandler                          0x0800026d   Thumb Code     0  startup_stm32f4xx.o(.text)
    TIM5_IRQHandler                          0x0800026d   Thumb Code     0  startup_stm32f4xx.o(.text)
    TIM6_DAC_IRQHandler                      0x0800026d   Thumb Code     0  startup_stm32f4xx.o(.text)
    TIM7_IRQHandler                          0x0800026d   Thumb Code     0  startup_stm32f4xx.o(.text)
    TIM8_BRK_TIM12_IRQHandler                0x0800026d   Thumb Code     0  startup_stm32f4xx.o(.text)
    TIM8_CC_IRQHandler                       0x0800026d   Thumb Code     0  startup_stm32f4xx.o(.text)
    TIM8_TRG_COM_TIM14_IRQHandler            0x0800026d   Thumb Code     0  startup_stm32f4xx.o(.text)
    TIM8_UP_TIM13_IRQHandler                 0x0800026d   Thumb Code     0  startup_stm32f4xx.o(.text)
    UART4_IRQHandler                         0x0800026d   Thumb Code     0  startup_stm32f4xx.o(.text)
    UART5_IRQHandler                         0x0800026d   Thumb Code     0  startup_stm32f4xx.o(.text)
    USART2_IRQHandler                        0x0800026d   Thumb Code     0  startup_stm32f4xx.o(.text)
    USART3_IRQHandler                        0x0800026d   Thumb Code     0  startup_stm32f4xx.o(.text)
    USART6_IRQHandler                        0x0800026d   Thumb Code     0  startup_stm32f4xx.o(.text)
    WWDG_IRQHandler                          0x0800026d   Thumb Code     0  startup_stm32f4xx.o(.text)
    __user_initial_stackheap                 0x08000271   Thumb Code     0  startup_stm32f4xx.o(.text)
    __2printf                                0x08000299   Thumb Code    20  noretval__2printf.o(.text)
    __2snprintf                              0x080002b1   Thumb Code    48  noretval__2snprintf.o(.text)
    _printf_pre_padding                      0x080002e5   Thumb Code    44  _printf_pad.o(.text)
    _printf_post_padding                     0x08000311   Thumb Code    34  _printf_pad.o(.text)
    _printf_int_hex                          0x08000335   Thumb Code    84  _printf_hex_int.o(.text)
    _printf_longlong_hex                     0x08000335   Thumb Code     0  _printf_hex_int.o(.text)
    __printf                                 0x0800038d   Thumb Code   308  __printf_flags_wp.o(.text)
    strcpy                                   0x080004c5   Thumb Code    72  strcpy.o(.text)
    strlen                                   0x0800050d   Thumb Code    62  strlen.o(.text)
    __use_two_region_memory                  0x0800054b   Thumb Code     2  heapauxi.o(.text)
    __rt_heap_escrow$2region                 0x0800054d   Thumb Code     2  heapauxi.o(.text)
    __rt_heap_expand$2region                 0x0800054f   Thumb Code     2  heapauxi.o(.text)
    _printf_int_common                       0x08000551   Thumb Code   178  _printf_intcommon.o(.text)
    __lib_sel_fp_printf                      0x08000603   Thumb Code     2  _printf_fp_dec.o(.text)
    _printf_fp_dec_real                      0x080007b5   Thumb Code   620  _printf_fp_dec.o(.text)
    _printf_char_common                      0x08000a2b   Thumb Code    32  _printf_char_common.o(.text)
    _sputc                                   0x08000a51   Thumb Code    10  _sputc.o(.text)
    _snputc                                  0x08000a5b   Thumb Code    16  _snputc.o(.text)
    _printf_char_file                        0x08000a6d   Thumb Code    32  _printf_char_file.o(.text)
    __rt_locale                              0x08000a91   Thumb Code     8  rt_locale_intlibspace.o(.text)
    _ll_udiv10                               0x08000a99   Thumb Code   138  lludiv10.o(.text)
    _printf_fp_infnan                        0x08000b25   Thumb Code   112  _printf_fp_infnan.o(.text)
    _btod_etento                             0x08000ba5   Thumb Code   224  bigflt0.o(.text)
    __user_libspace                          0x08000c89   Thumb Code     8  libspace.o(.text)
    __user_perproc_libspace                  0x08000c89   Thumb Code     0  libspace.o(.text)
    __user_perthread_libspace                0x08000c89   Thumb Code     0  libspace.o(.text)
    __user_setup_stackheap                   0x08000c91   Thumb Code    74  sys_stackheap_outer.o(.text)
    exit                                     0x08000cdb   Thumb Code    18  exit.o(.text)
    strcmp                                   0x08000ced   Thumb Code   128  strcmpv7m.o(.text)
    _btod_d2e                                0x08000d6d   Thumb Code    62  btod.o(CL$$btod_d2e)
    _d2e_denorm_low                          0x08000dab   Thumb Code    70  btod.o(CL$$btod_d2e_denorm_low)
    _d2e_norm_op1                            0x08000df1   Thumb Code    96  btod.o(CL$$btod_d2e_norm_op1)
    __btod_div_common                        0x08000e51   Thumb Code   696  btod.o(CL$$btod_div_common)
    _e2e                                     0x08001189   Thumb Code   220  btod.o(CL$$btod_e2e)
    _btod_ediv                               0x08001265   Thumb Code    42  btod.o(CL$$btod_ediv)
    _btod_emul                               0x0800128f   Thumb Code    42  btod.o(CL$$btod_emul)
    __btod_mult_common                       0x080012b9   Thumb Code   580  btod.o(CL$$btod_mult_common)
    DO_CRC                                   0x080014fd   Thumb Code    56  onewirebus.o(i.DO_CRC)
    Delay                                    0x08001539   Thumb Code    20  ti_lib.o(i.Delay)
    FindDevices                              0x08001551   Thumb Code    92  onewirebus.o(i.FindDevices)
    GPIO_Init                                0x080015b9   Thumb Code   342  stm32f4xx_gpio.o(i.GPIO_Init)
    GPIO_PinAFConfig                         0x0800175d   Thumb Code   338  stm32f4xx_gpio.o(i.GPIO_PinAFConfig)
    Init_IO                                  0x080018fd   Thumb Code   136  ti_board_io.o(i.Init_IO)
    Init_SPI                                 0x08001991   Thumb Code   384  ti_board_io.o(i.Init_SPI)
    Init_System_Clock                        0x08001b21   Thumb Code    94  ti_board_io.o(i.Init_System_Clock)
    Init_TI_Board                            0x08001b8d   Thumb Code    34  ti_lib.o(i.Init_TI_Board)
    NVIC_Init                                0x08001bb1   Thumb Code   164  misc.o(i.NVIC_Init)
    NVIC_PriorityGroupConfig                 0x08001c81   Thumb Code    54  misc.o(i.NVIC_PriorityGroupConfig)
    RCC_AHB1PeriphClockCmd                   0x08001ce1   Thumb Code    70  stm32f4xx_rcc.o(i.RCC_AHB1PeriphClockCmd)
    RCC_APB2PeriphClockCmd                   0x08001d59   Thumb Code    70  stm32f4xx_rcc.o(i.RCC_APB2PeriphClockCmd)
    RCC_GetClocksFreq                        0x08001dd1   Thumb Code   214  stm32f4xx_rcc.o(i.RCC_GetClocksFreq)
    SysTick_Handler                          0x08001fa5   Thumb Code     8  ti_lib.o(i.SysTick_Handler)
    SystemCoreClockUpdate                    0x08001fad   Thumb Code   170  system_stm32f4xx.o(i.SystemCoreClockUpdate)
    SystemInit                               0x0800206d   Thumb Code    88  system_stm32f4xx.o(i.SystemInit)
    TFT_Init                                 0x080020d5   Thumb Code    28  tft.o(i.TFT_Init)
    TFT_cls                                  0x080020f1   Thumb Code    10  tft.o(i.TFT_cls)
    TFT_cursor_off                           0x080020fb   Thumb Code    36  tft.o(i.TFT_cursor_off)
    TFT_gotoxy                               0x0800211f   Thumb Code    46  tft.o(i.TFT_gotoxy)
    TFT_putc                                 0x0800214d   Thumb Code    30  tft.o(i.TFT_putc)
    TFT_puts                                 0x0800216b   Thumb Code    20  tft.o(i.TFT_puts)
    TFT_send_data                            0x08002181   Thumb Code   274  tft.o(i.TFT_send_data)
    TFT_setTimeout                           0x080022a1   Thumb Code   218  tft.o(i.TFT_setTimeout)
    TFT_set_font_color                       0x08002385   Thumb Code    44  tft.o(i.TFT_set_font_color)
    TFT_set_window                           0x080023b1   Thumb Code    78  tft.o(i.TFT_set_window)
    TFT_terminal_on                          0x080023ff   Thumb Code    30  tft.o(i.TFT_terminal_on)
    TFT_touch_key_feedback                   0x0800241d   Thumb Code    72  tft.o(i.TFT_touch_key_feedback)
    TimingDelay_Decrement                    0x08002465   Thumb Code    28  ti_lib.o(i.TimingDelay_Decrement)
    USART1_Buffer_Init                       0x08002489   Thumb Code    24  usart.o(i.USART1_Buffer_Init)
    USART1_IRQHandler                        0x080024ad   Thumb Code   138  usart.o(i.USART1_IRQHandler)
    USART1_Init                              0x08002549   Thumb Code   196  usart.o(i.USART1_Init)
    USART1_SendChar                          0x08002615   Thumb Code    70  usart.o(i.USART1_SendChar)
    USART_Cmd                                0x08002669   Thumb Code    96  stm32f4xx_usart.o(i.USART_Cmd)
    USART_Init                               0x08002709   Thumb Code   456  stm32f4xx_usart.o(i.USART_Init)
    USART_OverSampling8Cmd                   0x08002915   Thumb Code    94  stm32f4xx_usart.o(i.USART_OverSampling8Cmd)
    __ARM_fpclassify                         0x080029b5   Thumb Code    48  fpclassify.o(i.__ARM_fpclassify)
    _is_digit                                0x080029e5   Thumb Code    14  __printf_wp.o(i._is_digit)
    _sys_exit                                0x080029f3   Thumb Code     4  retarget.o(i._sys_exit)
    assert_failed                            0x080029f7   Thumb Code     4  assert.o(i.assert_failed)
    bus_Init                                 0x080029fb   Thumb Code    20  basisfunktionen.o(i.bus_Init)
    calculateTemp                            0x08002a0f   Thumb Code    44  onewirebus.o(i.calculateTemp)
    delay                                    0x08002a3b   Thumb Code    50  basisfunktionen.o(i.delay)
    ferror                                   0x08002a6d   Thumb Code     8  retarget.o(i.ferror)
    first                                    0x08002a75   Thumb Code    12  onewirebus.o(i.first)
    fputc                                    0x08002a81   Thumb Code    42  retarget.o(i.fputc)
    initTft                                  0x08002aad   Thumb Code    98  output.o(i.initTft)
    main                                     0x08002b51   Thumb Code    50  main.o(i.main)
    next                                     0x08002b8d   Thumb Code   372  onewirebus.o(i.next)
    powerWithVCC                             0x08002d65   Thumb Code    22  basisfunktionen.o(i.powerWithVCC)
    printData                                0x08002d81   Thumb Code   116  output.o(i.printData)
    printErrorMessage                        0x08002e01   Thumb Code    62  error.o(i.printErrorMessage)
    printSensorID                            0x08002e45   Thumb Code    90  output.o(i.printSensorID)
    readBit                                  0x08002ec5   Thumb Code    42  basisfunktionen.o(i.readBit)
    readBus                                  0x08002ef1   Thumb Code    10  basisfunktionen.o(i.readBus)
    readByte                                 0x08002f01   Thumb Code    26  basisfunktionen.o(i.readByte)
    readTemp                                 0x08002f1d   Thumb Code   164  onewirebus.o(i.readTemp)
    resetPulse                               0x08002fc9   Thumb Code    46  basisfunktionen.o(i.resetPulse)
    reset_search                             0x08002ff9   Thumb Code    16  onewirebus.o(i.reset_search)
    searchROM                                0x08003015   Thumb Code    24  onewirebus.o(i.searchROM)
    setErrorMessage                          0x08003035   Thumb Code    38  error.o(i.setErrorMessage)
    setHigh                                  0x08003081   Thumb Code    10  basisfunktionen.o(i.setHigh)
    setLow                                   0x08003091   Thumb Code    10  basisfunktionen.o(i.setLow)
    setOpenDrainMode                         0x080030a1   Thumb Code    30  basisfunktionen.o(i.setOpenDrainMode)
    setPushPullMode                          0x080030c5   Thumb Code    30  basisfunktionen.o(i.setPushPullMode)
    timerinit                                0x080030e9   Thumb Code    36  timer.o(i.timerinit)
    writeBit                                 0x08003115   Thumb Code    72  basisfunktionen.o(i.writeBit)
    writeByte                                0x0800315d   Thumb Code    34  basisfunktionen.o(i.writeByte)
    _get_lc_numeric                          0x08003181   Thumb Code    44  lc_numeric_c.o(locale$$code)
    __fpl_dcmp_Inf                           0x080031ad   Thumb Code    24  dcmpi.o(x$fpl$dcmpinf)
    __aeabi_cdcmpeq                          0x080031c5   Thumb Code     0  deqf.o(x$fpl$deqf)
    _dcmpeq                                  0x080031c5   Thumb Code   120  deqf.o(x$fpl$deqf)
    __fpl_dnaninf                            0x0800323d   Thumb Code   156  dnaninf.o(x$fpl$dnaninf)
    __fpl_dretinf                            0x080032d9   Thumb Code    12  dretinf.o(x$fpl$dretinf)
    __aeabi_f2d                              0x080032e5   Thumb Code     0  f2d.o(x$fpl$f2d)
    _f2d                                     0x080032e5   Thumb Code    86  f2d.o(x$fpl$f2d)
    __fpl_fnaninf                            0x0800333b   Thumb Code   140  fnaninf.o(x$fpl$fnaninf)
    _fp_init                                 0x080033c7   Thumb Code    10  fpinit.o(x$fpl$fpinit)
    __fplib_config_fpu_vfp                   0x080033cf   Thumb Code     0  fpinit.o(x$fpl$fpinit)
    __fplib_config_pureend_doubles           0x080033cf   Thumb Code     0  fpinit.o(x$fpl$fpinit)
    _printf_fp_dec                           0x080033d1   Thumb Code     4  printf1.o(x$fpl$printf1)
    __I$use$fp                               0x080033d4   Number         0  usenofp.o(x$fpl$usenofp)
    Region$$Table$$Base                      0x080034a4   Number         0  anon$$obj.o(Region$$Table)
    Region$$Table$$Limit                     0x080034c4   Number         0  anon$$obj.o(Region$$Table)
    SystemCoreClock                          0x20000018   Data           4  system_stm32f4xx.o(.data)
    AHBPrescTable                            0x2000001c   Data          16  system_stm32f4xx.o(.data)
    __stdout                                 0x2000002c   Data           4  retarget.o(.data)
    __stdin                                  0x20000030   Data           4  retarget.o(.data)
    ROM_NO                                   0x20000038   Data           8  onewirebus.o(.data)
    crc                                      0x20000040   Data           1  onewirebus.o(.data)
    numROMs                                  0x20000044   Data           4  onewirebus.o(.data)
    lastDiscrepancy                          0x20000048   Data           4  onewirebus.o(.data)
    lastFamilyDiscrepancy                    0x2000004c   Data           4  onewirebus.o(.data)
    lastDeviceFlag                           0x20000050   Data           4  onewirebus.o(.data)
    search_direction                         0x20000054   Data           4  onewirebus.o(.data)
    id_bit_number                            0x20000058   Data           4  onewirebus.o(.data)
    last_zero                                0x2000005c   Data           4  onewirebus.o(.data)
    id_bit                                   0x20000060   Data           4  onewirebus.o(.data)
    cmp_id_bit                               0x20000064   Data           4  onewirebus.o(.data)
    errorCode                                0x20000068   Data           4  error.o(.data)
    FoundROM                                 0x2000027c   Data          40  onewirebus.o(.bss)
    __libspace_start                         0x200002c8   Data          96  libspace.o(.bss)
    __temporary_stack_top$libspace           0x20000328   Data           0  libspace.o(.bss)



==============================================================================

Memory Map of the image

  Image Entry point : 0x08000189

  Load Region LR_IROM1 (Base: 0x08000000, Size: 0x0000354c, Max: 0x00100000, ABSOLUTE)

    Execution Region ER_IROM1 (Exec base: 0x08000000, Load base: 0x08000000, Size: 0x000034e0, Max: 0x00100000, ABSOLUTE)

    Exec Addr    Load Addr    Size         Type   Attr      Idx    E Section Name        Object

    0x08000000   0x08000000   0x00000188   Data   RO         1499    RESET               startup_stm32f4xx.o
    0x08000188   0x08000188   0x00000008   Code   RO         2064  * !!!main             c_w.l(__main.o)
    0x08000190   0x08000190   0x00000034   Code   RO         2285    !!!scatter          c_w.l(__scatter.o)
    0x080001c4   0x080001c4   0x0000001a   Code   RO         2287    !!handler_copy      c_w.l(__scatter_copy.o)
    0x080001de   0x080001de   0x00000002   PAD
    0x080001e0   0x080001e0   0x0000001c   Code   RO         2289    !!handler_zi        c_w.l(__scatter_zi.o)
    0x080001fc   0x080001fc   0x00000000   Code   RO         2053    .ARM.Collect$$_printf_percent$$00000000  c_w.l(_printf_percent.o)
    0x080001fc   0x080001fc   0x00000006   Code   RO         2052    .ARM.Collect$$_printf_percent$$00000003  c_w.l(_printf_f.o)
    0x08000202   0x08000202   0x00000006   Code   RO         2050    .ARM.Collect$$_printf_percent$$0000000C  c_w.l(_printf_x.o)
    0x08000208   0x08000208   0x00000004   Code   RO         2085    .ARM.Collect$$_printf_percent$$00000017  c_w.l(_printf_percent_end.o)
    0x0800020c   0x0800020c   0x00000002   Code   RO         2167    .ARM.Collect$$libinit$$00000000  c_w.l(libinit.o)
    0x0800020e   0x0800020e   0x00000004   Code   RO         2168    .ARM.Collect$$libinit$$00000001  c_w.l(libinit2.o)
    0x08000212   0x08000212   0x00000000   Code   RO         2171    .ARM.Collect$$libinit$$00000004  c_w.l(libinit2.o)
    0x08000212   0x08000212   0x00000000   Code   RO         2174    .ARM.Collect$$libinit$$0000000A  c_w.l(libinit2.o)
    0x08000212   0x08000212   0x00000000   Code   RO         2176    .ARM.Collect$$libinit$$0000000C  c_w.l(libinit2.o)
    0x08000212   0x08000212   0x00000000   Code   RO         2178    .ARM.Collect$$libinit$$0000000E  c_w.l(libinit2.o)
    0x08000212   0x08000212   0x00000006   Code   RO         2179    .ARM.Collect$$libinit$$0000000F  c_w.l(libinit2.o)
    0x08000218   0x08000218   0x00000000   Code   RO         2181    .ARM.Collect$$libinit$$00000011  c_w.l(libinit2.o)
    0x08000218   0x08000218   0x00000000   Code   RO         2183    .ARM.Collect$$libinit$$00000013  c_w.l(libinit2.o)
    0x08000218   0x08000218   0x00000000   Code   RO         2185    .ARM.Collect$$libinit$$00000015  c_w.l(libinit2.o)
    0x08000218   0x08000218   0x0000000a   Code   RO         2186    .ARM.Collect$$libinit$$00000016  c_w.l(libinit2.o)
    0x08000222   0x08000222   0x00000000   Code   RO         2187    .ARM.Collect$$libinit$$00000017  c_w.l(libinit2.o)
    0x08000222   0x08000222   0x00000000   Code   RO         2189    .ARM.Collect$$libinit$$00000019  c_w.l(libinit2.o)
    0x08000222   0x08000222   0x00000000   Code   RO         2191    .ARM.Collect$$libinit$$0000001B  c_w.l(libinit2.o)
    0x08000222   0x08000222   0x00000000   Code   RO         2193    .ARM.Collect$$libinit$$0000001D  c_w.l(libinit2.o)
    0x08000222   0x08000222   0x00000000   Code   RO         2195    .ARM.Collect$$libinit$$0000001F  c_w.l(libinit2.o)
    0x08000222   0x08000222   0x00000000   Code   RO         2197    .ARM.Collect$$libinit$$00000021  c_w.l(libinit2.o)
    0x08000222   0x08000222   0x00000000   Code   RO         2199    .ARM.Collect$$libinit$$00000023  c_w.l(libinit2.o)
    0x08000222   0x08000222   0x00000000   Code   RO         2201    .ARM.Collect$$libinit$$00000025  c_w.l(libinit2.o)
    0x08000222   0x08000222   0x00000000   Code   RO         2205    .ARM.Collect$$libinit$$0000002C  c_w.l(libinit2.o)
    0x08000222   0x08000222   0x00000000   Code   RO         2207    .ARM.Collect$$libinit$$0000002E  c_w.l(libinit2.o)
    0x08000222   0x08000222   0x00000000   Code   RO         2209    .ARM.Collect$$libinit$$00000030  c_w.l(libinit2.o)
    0x08000222   0x08000222   0x00000000   Code   RO         2211    .ARM.Collect$$libinit$$00000032  c_w.l(libinit2.o)
    0x08000222   0x08000222   0x00000002   Code   RO         2212    .ARM.Collect$$libinit$$00000033  c_w.l(libinit2.o)
    0x08000224   0x08000224   0x00000002   Code   RO         2238    .ARM.Collect$$libshutdown$$00000000  c_w.l(libshutdown.o)
    0x08000226   0x08000226   0x00000000   Code   RO         2246    .ARM.Collect$$libshutdown$$00000002  c_w.l(libshutdown2.o)
    0x08000226   0x08000226   0x00000000   Code   RO         2248    .ARM.Collect$$libshutdown$$00000004  c_w.l(libshutdown2.o)
    0x08000226   0x08000226   0x00000000   Code   RO         2251    .ARM.Collect$$libshutdown$$00000007  c_w.l(libshutdown2.o)
    0x08000226   0x08000226   0x00000000   Code   RO         2254    .ARM.Collect$$libshutdown$$0000000A  c_w.l(libshutdown2.o)
    0x08000226   0x08000226   0x00000000   Code   RO         2256    .ARM.Collect$$libshutdown$$0000000C  c_w.l(libshutdown2.o)
    0x08000226   0x08000226   0x00000000   Code   RO         2259    .ARM.Collect$$libshutdown$$0000000F  c_w.l(libshutdown2.o)
    0x08000226   0x08000226   0x00000002   Code   RO         2260    .ARM.Collect$$libshutdown$$00000010  c_w.l(libshutdown2.o)
    0x08000228   0x08000228   0x00000000   Code   RO         2072    .ARM.Collect$$rtentry$$00000000  c_w.l(__rtentry.o)
    0x08000228   0x08000228   0x00000000   Code   RO         2096    .ARM.Collect$$rtentry$$00000002  c_w.l(__rtentry2.o)
    0x08000228   0x08000228   0x00000006   Code   RO         2108    .ARM.Collect$$rtentry$$00000004  c_w.l(__rtentry4.o)
    0x0800022e   0x0800022e   0x00000000   Code   RO         2098    .ARM.Collect$$rtentry$$00000009  c_w.l(__rtentry2.o)
    0x0800022e   0x0800022e   0x00000004   Code   RO         2099    .ARM.Collect$$rtentry$$0000000A  c_w.l(__rtentry2.o)
    0x08000232   0x08000232   0x00000000   Code   RO         2101    .ARM.Collect$$rtentry$$0000000C  c_w.l(__rtentry2.o)
    0x08000232   0x08000232   0x00000008   Code   RO         2102    .ARM.Collect$$rtentry$$0000000D  c_w.l(__rtentry2.o)
    0x0800023a   0x0800023a   0x00000002   Code   RO         2213    .ARM.Collect$$rtexit$$00000000  c_w.l(rtexit.o)
    0x0800023c   0x0800023c   0x00000000   Code   RO         2220    .ARM.Collect$$rtexit$$00000002  c_w.l(rtexit2.o)
    0x0800023c   0x0800023c   0x00000004   Code   RO         2221    .ARM.Collect$$rtexit$$00000003  c_w.l(rtexit2.o)
    0x08000240   0x08000240   0x00000006   Code   RO         2222    .ARM.Collect$$rtexit$$00000004  c_w.l(rtexit2.o)
    0x08000246   0x08000246   0x00000002   PAD
    0x08000248   0x08000248   0x00000050   Code   RO         1500    .text               startup_stm32f4xx.o
    0x08000298   0x08000298   0x00000018   Code   RO         1999    .text               c_w.l(noretval__2printf.o)
    0x080002b0   0x080002b0   0x00000034   Code   RO         2001    .text               c_w.l(noretval__2snprintf.o)
    0x080002e4   0x080002e4   0x0000004e   Code   RO         2005    .text               c_w.l(_printf_pad.o)
    0x08000332   0x08000332   0x00000002   PAD
    0x08000334   0x08000334   0x00000058   Code   RO         2012    .text               c_w.l(_printf_hex_int.o)
    0x0800038c   0x0800038c   0x00000138   Code   RO         2042    .text               c_w.l(__printf_flags_wp.o)
    0x080004c4   0x080004c4   0x00000048   Code   RO         2054    .text               c_w.l(strcpy.o)
    0x0800050c   0x0800050c   0x0000003e   Code   RO         2056    .text               c_w.l(strlen.o)
    0x0800054a   0x0800054a   0x00000006   Code   RO         2062    .text               c_w.l(heapauxi.o)
    0x08000550   0x08000550   0x000000b2   Code   RO         2073    .text               c_w.l(_printf_intcommon.o)
    0x08000602   0x08000602   0x0000041e   Code   RO         2075    .text               c_w.l(_printf_fp_dec.o)
    0x08000a20   0x08000a20   0x00000030   Code   RO         2077    .text               c_w.l(_printf_char_common.o)
    0x08000a50   0x08000a50   0x0000000a   Code   RO         2079    .text               c_w.l(_sputc.o)
    0x08000a5a   0x08000a5a   0x00000010   Code   RO         2081    .text               c_w.l(_snputc.o)
    0x08000a6a   0x08000a6a   0x00000002   PAD
    0x08000a6c   0x08000a6c   0x00000024   Code   RO         2083    .text               c_w.l(_printf_char_file.o)
    0x08000a90   0x08000a90   0x00000008   Code   RO         2113    .text               c_w.l(rt_locale_intlibspace.o)
    0x08000a98   0x08000a98   0x0000008a   Code   RO         2115    .text               c_w.l(lludiv10.o)
    0x08000b22   0x08000b22   0x00000002   PAD
    0x08000b24   0x08000b24   0x00000080   Code   RO         2117    .text               c_w.l(_printf_fp_infnan.o)
    0x08000ba4   0x08000ba4   0x000000e4   Code   RO         2121    .text               c_w.l(bigflt0.o)
    0x08000c88   0x08000c88   0x00000008   Code   RO         2153    .text               c_w.l(libspace.o)
    0x08000c90   0x08000c90   0x0000004a   Code   RO         2156    .text               c_w.l(sys_stackheap_outer.o)
    0x08000cda   0x08000cda   0x00000012   Code   RO         2158    .text               c_w.l(exit.o)
    0x08000cec   0x08000cec   0x00000080   Code   RO         2160    .text               c_w.l(strcmpv7m.o)
    0x08000d6c   0x08000d6c   0x0000003e   Code   RO         2124    CL$$btod_d2e        c_w.l(btod.o)
    0x08000daa   0x08000daa   0x00000046   Code   RO         2126    CL$$btod_d2e_denorm_low  c_w.l(btod.o)
    0x08000df0   0x08000df0   0x00000060   Code   RO         2125    CL$$btod_d2e_norm_op1  c_w.l(btod.o)
    0x08000e50   0x08000e50   0x00000338   Code   RO         2134    CL$$btod_div_common  c_w.l(btod.o)
    0x08001188   0x08001188   0x000000dc   Code   RO         2131    CL$$btod_e2e        c_w.l(btod.o)
    0x08001264   0x08001264   0x0000002a   Code   RO         2128    CL$$btod_ediv       c_w.l(btod.o)
    0x0800128e   0x0800128e   0x0000002a   Code   RO         2127    CL$$btod_emul       c_w.l(btod.o)
    0x080012b8   0x080012b8   0x00000244   Code   RO         2133    CL$$btod_mult_common  c_w.l(btod.o)
    0x080014fc   0x080014fc   0x0000003c   Code   RO         1889    i.DO_CRC            onewirebus.o
    0x08001538   0x08001538   0x00000018   Code   RO          448    i.Delay             ti_lib.o
    0x08001550   0x08001550   0x00000068   Code   RO         1890    i.FindDevices       onewirebus.o
    0x080015b8   0x080015b8   0x000001a4   Code   RO         1399    i.GPIO_Init         stm32f4xx_gpio.o
    0x0800175c   0x0800175c   0x000001a0   Code   RO         1400    i.GPIO_PinAFConfig  stm32f4xx_gpio.o
    0x080018fc   0x080018fc   0x00000094   Code   RO         1688    i.Init_IO           ti_board_io.o
    0x08001990   0x08001990   0x00000190   Code   RO         1689    i.Init_SPI          ti_board_io.o
    0x08001b20   0x08001b20   0x0000006c   Code   RO         1690    i.Init_System_Clock  ti_board_io.o
    0x08001b8c   0x08001b8c   0x00000022   Code   RO          449    i.Init_TI_Board     ti_lib.o
    0x08001bae   0x08001bae   0x00000002   PAD
    0x08001bb0   0x08001bb0   0x000000d0   Code   RO          494    i.NVIC_Init         misc.o
    0x08001c80   0x08001c80   0x00000060   Code   RO          495    i.NVIC_PriorityGroupConfig  misc.o
    0x08001ce0   0x08001ce0   0x00000078   Code   RO         1118    i.RCC_AHB1PeriphClockCmd  stm32f4xx_rcc.o
    0x08001d58   0x08001d58   0x00000078   Code   RO         1130    i.RCC_APB2PeriphClockCmd  stm32f4xx_rcc.o
    0x08001dd0   0x08001dd0   0x000000e8   Code   RO         1139    i.RCC_GetClocksFreq  stm32f4xx_rcc.o
    0x08001eb8   0x08001eb8   0x000000ec   Code   RO         1506    i.SetSysClock       system_stm32f4xx.o
    0x08001fa4   0x08001fa4   0x00000008   Code   RO          450    i.SysTick_Handler   ti_lib.o
    0x08001fac   0x08001fac   0x000000c0   Code   RO         1507    i.SystemCoreClockUpdate  system_stm32f4xx.o
    0x0800206c   0x0800206c   0x00000068   Code   RO         1508    i.SystemInit        system_stm32f4xx.o
    0x080020d4   0x080020d4   0x0000001c   Code   RO           63    i.TFT_Init          tft.o
    0x080020f0   0x080020f0   0x0000000a   Code   RO           74    i.TFT_cls           tft.o
    0x080020fa   0x080020fa   0x00000024   Code   RO           75    i.TFT_cursor_off    tft.o
    0x0800211e   0x0800211e   0x0000002e   Code   RO           82    i.TFT_gotoxy        tft.o
    0x0800214c   0x0800214c   0x0000001e   Code   RO           89    i.TFT_putc          tft.o
    0x0800216a   0x0800216a   0x00000014   Code   RO           90    i.TFT_puts          tft.o
    0x0800217e   0x0800217e   0x00000002   PAD
    0x08002180   0x08002180   0x00000120   Code   RO           92    i.TFT_send_data     tft.o
    0x080022a0   0x080022a0   0x000000e4   Code   RO           93    i.TFT_setTimeout    tft.o
    0x08002384   0x08002384   0x0000002c   Code   RO           96    i.TFT_set_font_color  tft.o
    0x080023b0   0x080023b0   0x0000004e   Code   RO          101    i.TFT_set_window    tft.o
    0x080023fe   0x080023fe   0x0000001e   Code   RO          103    i.TFT_terminal_on   tft.o
    0x0800241c   0x0800241c   0x00000048   Code   RO          110    i.TFT_touch_key_feedback  tft.o
    0x08002464   0x08002464   0x00000024   Code   RO          451    i.TimingDelay_Decrement  ti_lib.o
    0x08002488   0x08002488   0x00000024   Code   RO         1606    i.USART1_Buffer_Init  usart.o
    0x080024ac   0x080024ac   0x0000009c   Code   RO         1608    i.USART1_IRQHandler  usart.o
    0x08002548   0x08002548   0x000000cc   Code   RO         1609    i.USART1_Init       usart.o
    0x08002614   0x08002614   0x00000054   Code   RO         1610    i.USART1_SendChar   usart.o
    0x08002668   0x08002668   0x000000a0   Code   RO          931    i.USART_Cmd         stm32f4xx_usart.o
    0x08002708   0x08002708   0x0000020c   Code   RO          938    i.USART_Init        stm32f4xx_usart.o
    0x08002914   0x08002914   0x000000a0   Code   RO          944    i.USART_OverSampling8Cmd  stm32f4xx_usart.o
    0x080029b4   0x080029b4   0x00000030   Code   RO         2151    i.__ARM_fpclassify  m_wm.l(fpclassify.o)
    0x080029e4   0x080029e4   0x0000000e   Code   RO         2040    i._is_digit         c_w.l(__printf_wp.o)
    0x080029f2   0x080029f2   0x00000004   Code   RO         1544    i._sys_exit         retarget.o
    0x080029f6   0x080029f6   0x00000004   Code   RO            1    i.assert_failed     assert.o
    0x080029fa   0x080029fa   0x00000014   Code   RO         1797    i.bus_Init          basisfunktionen.o
    0x08002a0e   0x08002a0e   0x0000002c   Code   RO         1891    i.calculateTemp     onewirebus.o
    0x08002a3a   0x08002a3a   0x00000032   Code   RO         1798    i.delay             basisfunktionen.o
    0x08002a6c   0x08002a6c   0x00000008   Code   RO         1546    i.ferror            retarget.o
    0x08002a74   0x08002a74   0x0000000c   Code   RO         1892    i.first             onewirebus.o
    0x08002a80   0x08002a80   0x0000002a   Code   RO         1548    i.fputc             retarget.o
    0x08002aaa   0x08002aaa   0x00000002   PAD
    0x08002aac   0x08002aac   0x000000a4   Code   RO         1765    i.initTft           output.o
    0x08002b50   0x08002b50   0x0000003c   Code   RO         1724    i.main              main.o
    0x08002b8c   0x08002b8c   0x000001d8   Code   RO         1893    i.next              onewirebus.o
    0x08002d64   0x08002d64   0x0000001c   Code   RO         1799    i.powerWithVCC      basisfunktionen.o
    0x08002d80   0x08002d80   0x00000080   Code   RO         1766    i.printData         output.o
    0x08002e00   0x08002e00   0x00000044   Code   RO         1963    i.printErrorMessage  error.o
    0x08002e44   0x08002e44   0x00000080   Code   RO         1767    i.printSensorID     output.o
    0x08002ec4   0x08002ec4   0x0000002a   Code   RO         1800    i.readBit           basisfunktionen.o
    0x08002eee   0x08002eee   0x00000002   PAD
    0x08002ef0   0x08002ef0   0x00000010   Code   RO         1801    i.readBus           basisfunktionen.o
    0x08002f00   0x08002f00   0x0000001a   Code   RO         1802    i.readByte          basisfunktionen.o
    0x08002f1a   0x08002f1a   0x00000002   PAD
    0x08002f1c   0x08002f1c   0x000000ac   Code   RO         1894    i.readTemp          onewirebus.o
    0x08002fc8   0x08002fc8   0x0000002e   Code   RO         1803    i.resetPulse        basisfunktionen.o
    0x08002ff6   0x08002ff6   0x00000002   PAD
    0x08002ff8   0x08002ff8   0x0000001c   Code   RO         1896    i.reset_search      onewirebus.o
    0x08003014   0x08003014   0x00000020   Code   RO         1897    i.searchROM         onewirebus.o
    0x08003034   0x08003034   0x0000004c   Code   RO         1964    i.setErrorMessage   error.o
    0x08003080   0x08003080   0x00000010   Code   RO         1804    i.setHigh           basisfunktionen.o
    0x08003090   0x08003090   0x00000010   Code   RO         1805    i.setLow            basisfunktionen.o
    0x080030a0   0x080030a0   0x00000024   Code   RO         1806    i.setOpenDrainMode  basisfunktionen.o
    0x080030c4   0x080030c4   0x00000024   Code   RO         1807    i.setPushPullMode   basisfunktionen.o
    0x080030e8   0x080030e8   0x0000002c   Code   RO          415    i.timerinit         timer.o
    0x08003114   0x08003114   0x00000048   Code   RO         1808    i.writeBit          basisfunktionen.o
    0x0800315c   0x0800315c   0x00000022   Code   RO         1809    i.writeByte         basisfunktionen.o
    0x0800317e   0x0800317e   0x00000002   PAD
    0x08003180   0x08003180   0x0000002c   Code   RO         2147    locale$$code        c_w.l(lc_numeric_c.o)
    0x080031ac   0x080031ac   0x00000018   Code   RO         2086    x$fpl$dcmpinf       fz_wm.l(dcmpi.o)
    0x080031c4   0x080031c4   0x00000078   Code   RO         2066    x$fpl$deqf          fz_wm.l(deqf.o)
    0x0800323c   0x0800323c   0x0000009c   Code   RO         2088    x$fpl$dnaninf       fz_wm.l(dnaninf.o)
    0x080032d8   0x080032d8   0x0000000c   Code   RO         2090    x$fpl$dretinf       fz_wm.l(dretinf.o)
    0x080032e4   0x080032e4   0x00000056   Code   RO         2068    x$fpl$f2d           fz_wm.l(f2d.o)
    0x0800333a   0x0800333a   0x0000008c   Code   RO         2092    x$fpl$fnaninf       fz_wm.l(fnaninf.o)
    0x080033c6   0x080033c6   0x0000000a   Code   RO         2217    x$fpl$fpinit        fz_wm.l(fpinit.o)
    0x080033d0   0x080033d0   0x00000004   Code   RO         2070    x$fpl$printf1       fz_wm.l(printf1.o)
    0x080033d4   0x080033d4   0x00000000   Code   RO         2094    x$fpl$usenofp       fz_wm.l(usenofp.o)
    0x080033d4   0x080033d4   0x00000028   Data   RO         2013    .constdata          c_w.l(_printf_hex_int.o)
    0x080033fc   0x080033fc   0x00000011   Data   RO         2043    .constdata          c_w.l(__printf_flags_wp.o)
    0x0800340d   0x0800340d   0x00000003   PAD
    0x08003410   0x08003410   0x00000094   Data   RO         2122    .constdata          c_w.l(bigflt0.o)
    0x080034a4   0x080034a4   0x00000020   Data   RO         2283    Region$$Table       anon$$obj.o
    0x080034c4   0x080034c4   0x0000001c   Data   RO         2146    locale$$data        c_w.l(lc_numeric_c.o)


    Execution Region RW_IRAM1 (Exec base: 0x20000000, Load base: 0x080034e0, Size: 0x00009328, Max: 0x00020000, ABSOLUTE)

    Exec Addr    Load Addr    Size         Type   Attr      Idx    E Section Name        Object

    0x20000000   0x080034e0   0x00000008   Data   RW          453    .data               ti_lib.o
    0x20000008   0x080034e8   0x00000010   Data   RW         1162    .data               stm32f4xx_rcc.o
    0x20000018   0x080034f8   0x00000014   Data   RW         1509    .data               system_stm32f4xx.o
    0x2000002c   0x0800350c   0x00000008   Data   RW         1549    .data               retarget.o
    0x20000034   0x08003514   0x00000004   Data   RW         1612    .data               usart.o
    0x20000038   0x08003518   0x00000030   Data   RW         1899    .data               onewirebus.o
    0x20000068   0x08003548   0x00000004   Data   RW         1966    .data               error.o
    0x2000006c        -       0x00000210   Zero   RW         1611    .bss                usart.o
    0x2000027c        -       0x00000028   Zero   RW         1898    .bss                onewirebus.o
    0x200002a4        -       0x00000023   Zero   RW         1965    .bss                error.o
    0x200002c7   0x0800354c   0x00000001   PAD
    0x200002c8        -       0x00000060   Zero   RW         2154    .bss                c_w.l(libspace.o)
    0x20000328        -       0x00008000   Zero   RW         1498    HEAP                startup_stm32f4xx.o
    0x20008328        -       0x00001000   Zero   RW         1497    STACK               startup_stm32f4xx.o


==============================================================================

Image component sizes


      Code (inc. data)   RO Data    RW Data    ZI Data      Debug   Object Name

         4          0          0          0          0       5228   assert.o
       438         36          0          0          0       6465   basisfunktionen.o
       144         44          0          4         35       1494   error.o
        60         10          0          0          0        499   main.o
       304         86          0          0          0     210659   misc.o
       924        144          0         48         40       6134   onewirebus.o
       420        116          0          0          0       1770   output.o
        54          0          0          8          0       3399   retarget.o
        80         32        392          0      36864        848   startup_stm32f4xx.o
         0          0          0          0          0      12824   stm32f4xx_dma.o
       836        156          0          0          0       8379   stm32f4xx_gpio.o
       472        118          0         16          0       3854   stm32f4xx_rcc.o
       844        198          0          0          0       8798   stm32f4xx_usart.o
       532         54          0         20          0       2453   system_stm32f4xx.o
       910         24          0          0          0     220955   tft.o
       656         42          0          0          0      28288   ti_board_io.o
       102         12          0          8          0       2346   ti_lib.o
        44          8          0          0          0        452   timer.o
       480         52          0          4        528       5473   usart.o

    ----------------------------------------------------------------------
      7318       1132        424        108      37468     530318   Object Totals
         0          0         32          0          0          0   (incl. Generated)
        14          0          0          0          1          0   (incl. Padding)

    ----------------------------------------------------------------------

      Code (inc. data)   RO Data    RW Data    ZI Data      Debug   Library Member Name

         8          0          0          0          0         68   __main.o
       312          4         17          0          0         92   __printf_flags_wp.o
        14          0          0          0          0         68   __printf_wp.o
         0          0          0          0          0          0   __rtentry.o
        12          0          0          0          0          0   __rtentry2.o
         6          0          0          0          0          0   __rtentry4.o
        52          8          0          0          0          0   __scatter.o
        26          0          0          0          0          0   __scatter_copy.o
        28          0          0          0          0          0   __scatter_zi.o
        48          6          0          0          0         96   _printf_char_common.o
        36          4          0          0          0         80   _printf_char_file.o
         6          0          0          0          0          0   _printf_f.o
      1054          0          0          0          0        216   _printf_fp_dec.o
       128         16          0          0          0         84   _printf_fp_infnan.o
        88          4         40          0          0         88   _printf_hex_int.o
       178          0          0          0          0         88   _printf_intcommon.o
        78          0          0          0          0        108   _printf_pad.o
         0          0          0          0          0          0   _printf_percent.o
         4          0          0          0          0          0   _printf_percent_end.o
         6          0          0          0          0          0   _printf_x.o
        16          0          0          0          0         68   _snputc.o
        10          0          0          0          0         68   _sputc.o
       228          4        148          0          0         96   bigflt0.o
      1936        128          0          0          0        672   btod.o
        18          0          0          0          0         80   exit.o
         6          0          0          0          0        152   heapauxi.o
        44         10         28          0          0         76   lc_numeric_c.o
         2          0          0          0          0          0   libinit.o
        22          0          0          0          0          0   libinit2.o
         2          0          0          0          0          0   libshutdown.o
         2          0          0          0          0          0   libshutdown2.o
         8          4          0          0         96         68   libspace.o
       138          0          0          0          0         80   lludiv10.o
        24          4          0          0          0         84   noretval__2printf.o
        52          4          0          0          0         84   noretval__2snprintf.o
         8          4          0          0          0         68   rt_locale_intlibspace.o
         2          0          0          0          0          0   rtexit.o
        10          0          0          0          0          0   rtexit2.o
       128          0          0          0          0         68   strcmpv7m.o
        72          0          0          0          0         80   strcpy.o
        62          0          0          0          0         76   strlen.o
        74          0          0          0          0         80   sys_stackheap_outer.o
        24          0          0          0          0        116   dcmpi.o
       120          4          0          0          0        140   deqf.o
       156          4          0          0          0        140   dnaninf.o
        12          0          0          0          0        116   dretinf.o
        86          4          0          0          0        132   f2d.o
       140          4          0          0          0        132   fnaninf.o
        10          0          0          0          0        116   fpinit.o
         4          0          0          0          0        116   printf1.o
         0          0          0          0          0          0   usenofp.o
        48          0          0          0          0        124   fpclassify.o

    ----------------------------------------------------------------------
      5558        216        236          0         96       4020   Library Totals
        10          0          3          0          0          0   (incl. Padding)

    ----------------------------------------------------------------------

      Code (inc. data)   RO Data    RW Data    ZI Data      Debug   Library Name

      4948        200        233          0         96       2888   c_w.l
       552         16          0          0          0       1008   fz_wm.l
        48          0          0          0          0        124   m_wm.l

    ----------------------------------------------------------------------
      5558        216        236          0         96       4020   Library Totals

    ----------------------------------------------------------------------

==============================================================================


      Code (inc. data)   RO Data    RW Data    ZI Data      Debug   

     12876       1348        660        108      37564     525878   Grand Totals
     12876       1348        660        108      37564     525878   ELF Image Totals
     12876       1348        660        108          0          0   ROM Totals

==============================================================================

    Total RO  Size (Code + RO Data)                13536 (  13.22kB)
    Total RW  Size (RW Data + ZI Data)             37672 (  36.79kB)
    Total ROM Size (Code + RO Data + RW Data)      13644 (  13.32kB)

==============================================================================

